Component: ARM Compiler 5.05 update 2 (build 169) Tool: armlink [4d0f33]

==============================================================================

Section Cross References

    startup_stm32f100xb.o(RESET) refers to startup_stm32f100xb.o(STACK) for __initial_sp
    startup_stm32f100xb.o(RESET) refers to startup_stm32f100xb.o(.text) for Reset_Handler
    startup_stm32f100xb.o(RESET) refers to stm32f1xx_it.o(i.SysTick_Handler) for SysTick_Handler
    startup_stm32f100xb.o(.text) refers to system_stm32f1xx.o(i.SystemInit) for SystemInit
    startup_stm32f100xb.o(.text) refers to entry.o(.ARM.Collect$$$$00000000) for __main
    system_stm32f1xx.o(i.SystemCoreClockUpdate) refers to system_stm32f1xx.o(.data) for .data
    system_stm32f1xx.o(i.SystemCoreClockUpdate) refers to system_stm32f1xx.o(.constdata) for .constdata
    main.o(i.SystemClock_Config) refers to stm32f1xx_hal_rcc.o(i.HAL_RCC_OscConfig) for HAL_RCC_OscConfig
    main.o(i.SystemClock_Config) refers to stm32f1xx_hal_rcc.o(i.HAL_RCC_ClockConfig) for HAL_RCC_ClockConfig
    main.o(i.SystemClock_Config) refers to stm32f1xx_hal_rcc.o(i.HAL_RCC_GetHCLKFreq) for HAL_RCC_GetHCLKFreq
    main.o(i.SystemClock_Config) refers to stm32f1xx_hal_cortex.o(i.HAL_SYSTICK_Config) for HAL_SYSTICK_Config
    main.o(i.SystemClock_Config) refers to stm32f1xx_hal_cortex.o(i.HAL_SYSTICK_CLKSourceConfig) for HAL_SYSTICK_CLKSourceConfig
    main.o(i.SystemClock_Config) refers to stm32f1xx_hal_cortex.o(i.HAL_NVIC_SetPriority) for HAL_NVIC_SetPriority
    main.o(i.main) refers to stm32f1xx_hal.o(i.HAL_Init) for HAL_Init
    main.o(i.main) refers to main.o(i.SystemClock_Config) for SystemClock_Config
    main.o(i.main) refers to gpio.o(i.MX_GPIO_Init) for MX_GPIO_Init
    main.o(i.main) refers to spi.o(i.MX_SPI1_Init) for MX_SPI1_Init
    main.o(i.main) refers to enc28j60.o(i.enc28j60_init) for enc28j60_init
    main.o(i.main) refers to uip.o(i.uip_init) for uip_init
    main.o(i.main) refers to uip_arp.o(i.uip_arp_init) for uip_arp_init
    main.o(i.main) refers to hello-world.o(i.hello_world_init) for hello_world_init
    main.o(i.main) refers to main.o(i.vTask_uIP_periodic) for vTask_uIP_periodic
    main.o(i.main) refers to main.o(i.vTask_uIP) for vTask_uIP
    main.o(i.main) refers to main.o(.constdata) for .constdata
    main.o(i.main) refers to uip.o(.data) for uip_ethaddr
    main.o(i.main) refers to uip.o(.data) for uip_hostaddr
    main.o(i.main) refers to uip.o(.data) for uip_draddr
    main.o(i.main) refers to uip.o(.data) for uip_netmask
    main.o(i.uip_log) refers to printf8.o(i.__0printf$8) for __2printf
    main.o(i.vTask_uIP) refers to enc28j60.o(i.enc28j60_recv_packet) for enc28j60_recv_packet
    main.o(i.vTask_uIP) refers to uip.o(i.htons) for htons
    main.o(i.vTask_uIP) refers to uip.o(i.uip_process) for uip_process
    main.o(i.vTask_uIP) refers to uip_arp.o(i.uip_arp_out) for uip_arp_out
    main.o(i.vTask_uIP) refers to uip_arp.o(i.uip_arp_arpin) for uip_arp_arpin
    main.o(i.vTask_uIP) refers to enc28j60.o(i.enc28j60_send_packet) for enc28j60_send_packet
    main.o(i.vTask_uIP) refers to uip.o(.bss) for uip_buf
    main.o(i.vTask_uIP) refers to uip.o(.data) for uip_len
    main.o(i.vTask_uIP_periodic) refers to uip.o(i.uip_process) for uip_process
    main.o(i.vTask_uIP_periodic) refers to uip_arp.o(i.uip_arp_out) for uip_arp_out
    main.o(i.vTask_uIP_periodic) refers to enc28j60.o(i.enc28j60_send_packet) for enc28j60_send_packet
    main.o(i.vTask_uIP_periodic) refers to uip_arp.o(i.uip_arp_timer) for uip_arp_timer
    main.o(i.vTask_uIP_periodic) refers to main.o(.data) for .data
    main.o(i.vTask_uIP_periodic) refers to delay.o(.data) for timestamp
    main.o(i.vTask_uIP_periodic) refers to uip.o(.bss) for uip_conns
    main.o(i.vTask_uIP_periodic) refers to uip.o(.data) for uip_conn
    spi.o(i.HAL_SPI_MspDeInit) refers to stm32f1xx_hal_gpio.o(i.HAL_GPIO_DeInit) for HAL_GPIO_DeInit
    spi.o(i.HAL_SPI_MspInit) refers to stm32f1xx_hal_gpio.o(i.HAL_GPIO_Init) for HAL_GPIO_Init
    spi.o(i.MX_SPI1_Init) refers to stm32f1xx_hal_spi_ex.o(i.HAL_SPI_Init) for HAL_SPI_Init
    spi.o(i.MX_SPI1_Init) refers to spi.o(.bss) for .bss
    stm32f1xx_it.o(i.SysTick_Handler) refers to stm32f1xx_hal.o(i.HAL_IncTick) for HAL_IncTick
    stm32f1xx_it.o(i.SysTick_Handler) refers to stm32f1xx_hal_cortex.o(i.HAL_SYSTICK_IRQHandler) for HAL_SYSTICK_IRQHandler
    stm32f1xx_it.o(i.SysTick_Handler) refers to delay.o(.data) for timestamp
    stm32f1xx_hal_msp.o(i.HAL_MspInit) refers to stm32f1xx_hal_cortex.o(i.HAL_NVIC_SetPriorityGrouping) for HAL_NVIC_SetPriorityGrouping
    stm32f1xx_hal_msp.o(i.HAL_MspInit) refers to stm32f1xx_hal_cortex.o(i.HAL_NVIC_SetPriority) for HAL_NVIC_SetPriority
    stm32f1xx_hal_rcc.o(i.HAL_RCC_ClockConfig) refers to stm32f1xx_hal.o(i.HAL_GetTick) for HAL_GetTick
    stm32f1xx_hal_rcc.o(i.HAL_RCC_ClockConfig) refers to stm32f1xx_hal.o(i.HAL_InitTick) for HAL_InitTick
[...]
    printf4.o(i.__0vsprintf$4) refers to printf4.o(i._printf_core) for _printf_core
    printf4.o(i.__0vsprintf$4) refers to printf4.o(i._sputc) for _sputc
    printf4.o(i._printf_core) refers to uldiv.o(.text) for __aeabi_uldivmod
    printf5.o(i.__0fprintf$5) refers to printf5.o(i._printf_core) for _printf_core
    printf5.o(i.__0fprintf$5) refers to fputc.o(i.fputc) for fputc
    printf5.o(i.__0printf$5) refers to printf5.o(i._printf_core) for _printf_core
    printf5.o(i.__0printf$5) refers to fputc.o(i.fputc) for fputc
    printf5.o(i.__0printf$5) refers to stdout.o(.data) for __stdout
    printf5.o(i.__0snprintf$5) refers to printf5.o(i._printf_core) for _printf_core
    printf5.o(i.__0snprintf$5) refers to printf5.o(i._snputc) for _snputc
    printf5.o(i.__0sprintf$5) refers to printf5.o(i._printf_core) for _printf_core
    printf5.o(i.__0sprintf$5) refers to printf5.o(i._sputc) for _sputc
    printf5.o(i.__0vfprintf$5) refers to printf5.o(i._printf_core) for _printf_core
    printf5.o(i.__0vfprintf$5) refers to fputc.o(i.fputc) for fputc
    printf5.o(i.__0vprintf$5) refers to printf5.o(i._printf_core) for _printf_core
    printf5.o(i.__0vprintf$5) refers to fputc.o(i.fputc) for fputc
    printf5.o(i.__0vprintf$5) refers to stdout.o(.data) for __stdout
    printf5.o(i.__0vsnprintf$5) refers to printf5.o(i._printf_core) for _printf_core
    printf5.o(i.__0vsnprintf$5) refers to printf5.o(i._snputc) for _snputc
    printf5.o(i.__0vsprintf$5) refers to printf5.o(i._printf_core) for _printf_core
    printf5.o(i.__0vsprintf$5) refers to printf5.o(i._sputc) for _sputc
    printf5.o(i._printf_core) refers to uldiv.o(.text) for __aeabi_uldivmod
    printf6.o(i.__0fprintf$6) refers to printf6.o(i._printf_core) for _printf_core
    printf6.o(i.__0fprintf$6) refers to fputc.o(i.fputc) for fputc
    printf6.o(i.__0printf$6) refers to printf6.o(i._printf_core) for _printf_core
    printf6.o(i.__0printf$6) refers to fputc.o(i.fputc) for fputc
    printf6.o(i.__0printf$6) refers to stdout.o(.data) for __stdout
    printf6.o(i.__0snprintf$6) refers to printf6.o(i._printf_core) for _printf_core
    printf6.o(i.__0snprintf$6) refers to printf6.o(i._snputc) for _snputc
    printf6.o(i.__0sprintf$6) refers to printf6.o(i._printf_core) for _printf_core
    printf6.o(i.__0sprintf$6) refers to printf6.o(i._sputc) for _sputc
    printf6.o(i.__0vfprintf$6) refers to printf6.o(i._printf_core) for _printf_core
    printf6.o(i.__0vfprintf$6) refers to fputc.o(i.fputc) for fputc
    printf6.o(i.__0vprintf$6) refers to printf6.o(i._printf_core) for _printf_core
    printf6.o(i.__0vprintf$6) refers to fputc.o(i.fputc) for fputc
    printf6.o(i.__0vprintf$6) refers to stdout.o(.data) for __stdout
    printf6.o(i.__0vsnprintf$6) refers to printf6.o(i._printf_core) for _printf_core
    printf6.o(i.__0vsnprintf$6) refers to printf6.o(i._snputc) for _snputc
    printf6.o(i.__0vsprintf$6) refers to printf6.o(i._printf_core) for _printf_core
    printf6.o(i.__0vsprintf$6) refers to printf6.o(i._sputc) for _sputc
    printf6.o(i._printf_core) refers to printf6.o(i._printf_pre_padding) for _printf_pre_padding
    printf6.o(i._printf_core) refers to uidiv.o(.text) for __aeabi_uidivmod
    printf6.o(i._printf_core) refers to printf6.o(i._printf_post_padding) for _printf_post_padding
    printf7.o(i.__0fprintf$7) refers to printf7.o(i._printf_core) for _printf_core
    printf7.o(i.__0fprintf$7) refers to fputc.o(i.fputc) for fputc
    printf7.o(i.__0printf$7) refers to printf7.o(i._printf_core) for _printf_core
    printf7.o(i.__0printf$7) refers to fputc.o(i.fputc) for fputc
    printf7.o(i.__0printf$7) refers to stdout.o(.data) for __stdout
    printf7.o(i.__0snprintf$7) refers to printf7.o(i._printf_core) for _printf_core
    printf7.o(i.__0snprintf$7) refers to printf7.o(i._snputc) for _snputc
    printf7.o(i.__0sprintf$7) refers to printf7.o(i._printf_core) for _printf_core
    printf7.o(i.__0sprintf$7) refers to printf7.o(i._sputc) for _sputc
    printf7.o(i.__0vfprintf$7) refers to printf7.o(i._printf_core) for _printf_core
    printf7.o(i.__0vfprintf$7) refers to fputc.o(i.fputc) for fputc
    printf7.o(i.__0vprintf$7) refers to printf7.o(i._printf_core) for _printf_core
    printf7.o(i.__0vprintf$7) refers to fputc.o(i.fputc) for fputc
    printf7.o(i.__0vprintf$7) refers to stdout.o(.data) for __stdout
    printf7.o(i.__0vsnprintf$7) refers to printf7.o(i._printf_core) for _printf_core
    printf7.o(i.__0vsnprintf$7) refers to printf7.o(i._snputc) for _snputc
    printf7.o(i.__0vsprintf$7) refers to printf7.o(i._printf_core) for _printf_core
    printf7.o(i.__0vsprintf$7) refers to printf7.o(i._sputc) for _sputc
    printf7.o(i._printf_core) refers to printf7.o(i._printf_pre_padding) for _printf_pre_padding
    printf7.o(i._printf_core) refers to uldiv.o(.text) for __aeabi_uldivmod
    printf7.o(i._printf_core) refers to printf7.o(i._printf_post_padding) for _printf_post_padding
    printf8.o(i.__0fprintf$8) refers to printf8.o(i._printf_core) for _printf_core
    printf8.o(i.__0fprintf$8) refers to fputc.o(i.fputc) for fputc
    printf8.o(i.__0printf$8) refers to printf8.o(i._printf_core) for _printf_core
    printf8.o(i.__0printf$8) refers to fputc.o(i.fputc) for fputc
    printf8.o(i.__0printf$8) refers to stdout.o(.data) for __stdout
    printf8.o(i.__0snprintf$8) refers to printf8.o(i._printf_core) for _printf_core
    printf8.o(i.__0snprintf$8) refers to printf8.o(i._snputc) for _snputc
    printf8.o(i.__0sprintf$8) refers to printf8.o(i._printf_core) for _printf_core
    printf8.o(i.__0sprintf$8) refers to printf8.o(i._sputc) for _sputc
    printf8.o(i.__0vfprintf$8) refers to printf8.o(i._printf_core) for _printf_core
    printf8.o(i.__0vfprintf$8) refers to fputc.o(i.fputc) for fputc
    printf8.o(i.__0vprintf$8) refers to printf8.o(i._printf_core) for _printf_core
    printf8.o(i.__0vprintf$8) refers to fputc.o(i.fputc) for fputc
    printf8.o(i.__0vprintf$8) refers to stdout.o(.data) for __stdout
    printf8.o(i.__0vsnprintf$8) refers to printf8.o(i._printf_core) for _printf_core
    printf8.o(i.__0vsnprintf$8) refers to printf8.o(i._snputc) for _snputc
    printf8.o(i.__0vsprintf$8) refers to printf8.o(i._printf_core) for _printf_core
    printf8.o(i.__0vsprintf$8) refers to printf8.o(i._sputc) for _sputc
    printf8.o(i._printf_core) refers to printf8.o(i._printf_pre_padding) for _printf_pre_padding
    printf8.o(i._printf_core) refers to uldiv.o(.text) for __aeabi_uldivmod
    printf8.o(i._printf_core) refers to printf8.o(i._printf_post_padding) for _printf_post_padding
    printfa.o(i.__0fprintf) refers (Special) to iusefp.o(.text) for __I$use$fp
    printfa.o(i.__0fprintf) refers to printfa.o(i._printf_core) for _printf_core
    printfa.o(i.__0fprintf) refers to fputc.o(i.fputc) for fputc
    printfa.o(i.__0printf) refers (Special) to iusefp.o(.text) for __I$use$fp
    printfa.o(i.__0printf) refers to printfa.o(i._printf_core) for _printf_core
    printfa.o(i.__0printf) refers to fputc.o(i.fputc) for fputc
    printfa.o(i.__0printf) refers to stdout.o(.data) for __stdout
    printfa.o(i.__0snprintf) refers (Special) to iusefp.o(.text) for __I$use$fp
    printfa.o(i.__0snprintf) refers to printfa.o(i._printf_core) for _printf_core
    printfa.o(i.__0snprintf) refers to printfa.o(i._snputc) for _snputc
    printfa.o(i.__0sprintf) refers (Special) to iusefp.o(.text) for __I$use$fp
    printfa.o(i.__0sprintf) refers to printfa.o(i._printf_core) for _printf_core
    printfa.o(i.__0sprintf) refers to printfa.o(i._sputc) for _sputc
    printfa.o(i.__0vfprintf) refers (Special) to iusefp.o(.text) for __I$use$fp
    printfa.o(i.__0vfprintf) refers to printfa.o(i._printf_core) for _printf_core
    printfa.o(i.__0vfprintf) refers to fputc.o(i.fputc) for fputc
    printfa.o(i.__0vprintf) refers (Special) to iusefp.o(.text) for __I$use$fp
    printfa.o(i.__0vprintf) refers to printfa.o(i._printf_core) for _printf_core
    printfa.o(i.__0vprintf) refers to fputc.o(i.fputc) for fputc
    printfa.o(i.__0vprintf) refers to stdout.o(.data) for __stdout
    printfa.o(i.__0vsnprintf) refers (Special) to iusefp.o(.text) for __I$use$fp
    printfa.o(i.__0vsnprintf) refers to printfa.o(i._printf_core) for _printf_core
    printfa.o(i.__0vsnprintf) refers to printfa.o(i._snputc) for _snputc
    printfa.o(i.__0vsprintf) refers (Special) to iusefp.o(.text) for __I$use$fp
    printfa.o(i.__0vsprintf) refers to printfa.o(i._printf_core) for _printf_core
    printfa.o(i.__0vsprintf) refers to printfa.o(i._sputc) for _sputc
    printfa.o(i._fp_digits) refers (Special) to iusefp.o(.text) for __I$use$fp
    printfa.o(i._fp_digits) refers to dmul.o(.text) for __aeabi_dmul
    printfa.o(i._fp_digits) refers to ddiv.o(.text) for __aeabi_ddiv
    printfa.o(i._fp_digits) refers to cdrcmple.o(.text) for __aeabi_cdrcmple
    printfa.o(i._fp_digits) refers to dadd.o(.text) for __aeabi_dadd
    printfa.o(i._fp_digits) refers to dfixul.o(.text) for __aeabi_d2ulz
    printfa.o(i._fp_digits) refers to uldiv.o(.text) for __aeabi_uldivmod
    printfa.o(i._printf_core) refers (Special) to iusefp.o(.text) for __I$use$fp
    printfa.o(i._printf_core) refers to printfa.o(i._printf_pre_padding) for _printf_pre_padding
    printfa.o(i._printf_core) refers to uldiv.o(.text) for __aeabi_uldivmod
    printfa.o(i._printf_core) refers to printfa.o(i._printf_post_padding) for _printf_post_padding
    printfa.o(i._printf_core) refers to printfa.o(i._fp_digits) for _fp_digits
    printfa.o(i._printf_core) refers to uidiv.o(.text) for __aeabi_uidivmod
    printfa.o(i._printf_post_padding) refers (Special) to iusefp.o(.text) for __I$use$fp
    printfa.o(i._printf_pre_padding) refers (Special) to iusefp.o(.text) for __I$use$fp
    printfa.o(i._snputc) refers (Special) to iusefp.o(.text) for __I$use$fp
    printfa.o(i._sputc) refers (Special) to iusefp.o(.text) for __I$use$fp
    entry2.o(.ARM.Collect$$$$00000001) refers to entry2.o(.ARM.Collect$$$$00002712) for __lit__00000000
    entry2.o(.ARM.Collect$$$$00002712) refers to startup_stm32f100xb.o(STACK) for __initial_sp
    entry2.o(__vectab_stack_and_reset_area) refers to startup_stm32f100xb.o(STACK) for __initial_sp
    entry2.o(__vectab_stack_and_reset_area) refers to entry.o(.ARM.Collect$$$$00000000) for __main
    entry5.o(.ARM.Collect$$$$00000004) refers to init.o(.text) for __scatterload
    entry9a.o(.ARM.Collect$$$$0000000B) refers to main.o(i.main) for main
    entry9b.o(.ARM.Collect$$$$0000000C) refers to main.o(i.main) for main
    fputc.o(i.fputc) refers (Special) to iusesemip.o(.text) for __I$use$semihosting$fputc
    fputc.o(i.fputc) refers (Special) to semi.o(.text) for __semihosting_library_function
    uldiv.o(.text) refers to llushr.o(.text) for __aeabi_llsr
    uldiv.o(.text) refers to llshl.o(.text) for __aeabi_llsl
    dadd.o(.text) refers to llshl.o(.text) for __aeabi_llsl
    dadd.o(.text) refers to llsshr.o(.text) for __aeabi_lasr
    dadd.o(.text) refers to depilogue.o(.text) for _double_epilogue
    dmul.o(.text) refers to depilogue.o(.text) for _double_epilogue
    ddiv.o(.text) refers to depilogue.o(.text) for _double_round
    dfixul.o(.text) refers to llushr.o(.text) for __aeabi_llsr
    dfixul.o(.text) refers to llshl.o(.text) for __aeabi_llsl
    init.o(.text) refers to entry5.o(.ARM.Collect$$$$00000004) for __main_after_scatterload
    depilogue.o(.text) refers to llshl.o(.text) for __aeabi_llsl
    depilogue.o(.text) refers to llushr.o(.text) for __aeabi_llsr


==============================================================================

Removing Unused input sections from the image.

    Removing startup_stm32f100xb.o(HEAP), (512 bytes).
    Removing system_stm32f1xx.o(.rev16_text), (4 bytes).
    Removing system_stm32f1xx.o(.revsh_text), (4 bytes).
    Removing system_stm32f1xx.o(.rrx_text), (6 bytes).
    Removing system_stm32f1xx.o(i.SystemCoreClockUpdate), (112 bytes).
    Removing system_stm32f1xx.o(.constdata), (16 bytes).
    Removing main.o(.rev16_text), (4 bytes).
    Removing main.o(.revsh_text), (4 bytes).
    Removing main.o(.rrx_text), (6 bytes).
    Removing main.o(.data), (8 bytes).
    Removing gpio.o(.rev16_text), (4 bytes).
    Removing gpio.o(.revsh_text), (4 bytes).
    Removing gpio.o(.rrx_text), (6 bytes).
    Removing spi.o(.rev16_text), (4 bytes).
    Removing spi.o(.revsh_text), (4 bytes).
    Removing spi.o(.rrx_text), (6 bytes).
    Removing spi.o(i.HAL_SPI_MspDeInit), (40 bytes).
    Removing stm32f1xx_it.o(.rev16_text), (4 bytes).
    Removing stm32f1xx_it.o(.revsh_text), (4 bytes).
    Removing stm32f1xx_it.o(.rrx_text), (6 bytes).
    Removing stm32f1xx_hal_msp.o(.rev16_text), (4 bytes).
    Removing stm32f1xx_hal_msp.o(.revsh_text), (4 bytes).
    Removing stm32f1xx_hal_msp.o(.rrx_text), (6 bytes).
    Removing stm32f1xx_hal_gpio_ex.o(.rev16_text), (4 bytes).
    Removing stm32f1xx_hal_gpio_ex.o(.revsh_text), (4 bytes).
    Removing stm32f1xx_hal_gpio_ex.o(.rrx_text), (6 bytes).
    Removing stm32f1xx_hal_gpio_ex.o(i.HAL_GPIOEx_ConfigEventout), (20 bytes).
    Removing stm32f1xx_hal_gpio_ex.o(i.HAL_GPIOEx_DisableEventout), (16 bytes).
    Removing stm32f1xx_hal_gpio_ex.o(i.HAL_GPIOEx_EnableEventout), (16 bytes).
    Removing stm32f1xx_hal_rcc.o(.rev16_text), (4 bytes).
    Removing stm32f1xx_hal_rcc.o(.revsh_text), (4 bytes).
    Removing stm32f1xx_hal_rcc.o(.rrx_text), (6 bytes).
    Removing stm32f1xx_hal_rcc.o(i.HAL_RCC_CSSCallback), (2 bytes).
    Removing stm32f1xx_hal_rcc.o(i.HAL_RCC_DeInit), (72 bytes).
    Removing stm32f1xx_hal_rcc.o(i.HAL_RCC_DisableCSS), (28 bytes).
    Removing stm32f1xx_hal_rcc.o(i.HAL_RCC_EnableCSS), (24 bytes).
    Removing stm32f1xx_hal_rcc.o(i.HAL_RCC_GetClockConfig), (52 bytes).
    Removing stm32f1xx_hal_rcc.o(i.HAL_RCC_GetOscConfig), (156 bytes).
    Removing stm32f1xx_hal_rcc.o(i.HAL_RCC_GetPCLK1Freq), (44 bytes).
    Removing stm32f1xx_hal_rcc.o(i.HAL_RCC_GetPCLK2Freq), (44 bytes).
    Removing stm32f1xx_hal_rcc.o(i.HAL_RCC_MCOConfig), (72 bytes).
    Removing stm32f1xx_hal_rcc.o(i.HAL_RCC_NMI_IRQHandler), (24 bytes).
    Removing stm32f1xx_hal_gpio.o(.rev16_text), (4 bytes).
    Removing stm32f1xx_hal_gpio.o(.revsh_text), (4 bytes).
    Removing stm32f1xx_hal_gpio.o(.rrx_text), (6 bytes).
    Removing stm32f1xx_hal_gpio.o(i.HAL_GPIO_DeInit), (228 bytes).
    Removing stm32f1xx_hal_gpio.o(i.HAL_GPIO_EXTI_Callback), (2 bytes).
    Removing stm32f1xx_hal_gpio.o(i.HAL_GPIO_EXTI_IRQHandler), (24 bytes).
    Removing stm32f1xx_hal_gpio.o(i.HAL_GPIO_LockPin), (34 bytes).
    Removing stm32f1xx_hal_gpio.o(i.HAL_GPIO_ReadPin), (10 bytes).
    Removing stm32f1xx_hal_gpio.o(i.HAL_GPIO_TogglePin), (8 bytes).
    Removing stm32f1xx_hal_flash.o(.rev16_text), (4 bytes).
    Removing stm32f1xx_hal_flash.o(.revsh_text), (4 bytes).
    Removing stm32f1xx_hal_flash.o(.rrx_text), (6 bytes).
    Removing stm32f1xx_hal_flash.o(i.FLASH_Program_HalfWord), (28 bytes).
    Removing stm32f1xx_hal_flash.o(i.FLASH_SetErrorCode), (68 bytes).
    Removing stm32f1xx_hal_flash.o(i.FLASH_WaitForLastOperation), (84 bytes).
    Removing stm32f1xx_hal_flash.o(i.HAL_FLASH_EndOfOperationCallback), (2 bytes).
    Removing stm32f1xx_hal_flash.o(i.HAL_FLASH_GetError), (12 bytes).
    Removing stm32f1xx_hal_flash.o(i.HAL_FLASH_IRQHandler), (260 bytes).
    Removing stm32f1xx_hal_flash.o(i.HAL_FLASH_Lock), (20 bytes).
    Removing stm32f1xx_hal_flash.o(i.HAL_FLASH_OB_Launch), (10 bytes).
    Removing stm32f1xx_hal_flash.o(i.HAL_FLASH_OB_Lock), (20 bytes).
    Removing stm32f1xx_hal_flash.o(i.HAL_FLASH_OB_Unlock), (36 bytes).
    Removing stm32f1xx_hal_flash.o(i.HAL_FLASH_OperationErrorCallback), (2 bytes).
    Removing stm32f1xx_hal_flash.o(i.HAL_FLASH_Program), (128 bytes).
    Removing stm32f1xx_hal_flash.o(i.HAL_FLASH_Program_IT), (100 bytes).
    Removing stm32f1xx_hal_flash.o(i.HAL_FLASH_Unlock), (36 bytes).
    Removing stm32f1xx_hal_flash.o(.bss), (32 bytes).
    Removing stm32f1xx_hal_flash_ex.o(.rev16_text), (4 bytes).
    Removing stm32f1xx_hal_flash_ex.o(.revsh_text), (4 bytes).
    Removing stm32f1xx_hal_flash_ex.o(.rrx_text), (6 bytes).
    Removing stm32f1xx_hal_flash_ex.o(i.FLASH_MassErase), (36 bytes).
    Removing stm32f1xx_hal_flash_ex.o(i.FLASH_OB_DisableWRP), (176 bytes).
    Removing stm32f1xx_hal_flash_ex.o(i.FLASH_OB_EnableWRP), (176 bytes).
    Removing stm32f1xx_hal_flash_ex.o(i.FLASH_OB_GetRDP), (24 bytes).
    Removing stm32f1xx_hal_flash_ex.o(i.FLASH_OB_RDP_LevelConfig), (100 bytes).
    Removing stm32f1xx_hal_flash_ex.o(i.FLASH_PageErase), (36 bytes).
    Removing stm32f1xx_hal_flash_ex.o(i.HAL_FLASHEx_Erase), (168 bytes).
    Removing stm32f1xx_hal_flash_ex.o(i.HAL_FLASHEx_Erase_IT), (84 bytes).
    Removing stm32f1xx_hal_flash_ex.o(i.HAL_FLASHEx_OBErase), (84 bytes).
    Removing stm32f1xx_hal_flash_ex.o(i.HAL_FLASHEx_OBGetConfig), (48 bytes).
    Removing stm32f1xx_hal_flash_ex.o(i.HAL_FLASHEx_OBGetUserData), (48 bytes).
    Removing stm32f1xx_hal_flash_ex.o(i.HAL_FLASHEx_OBProgram), (200 bytes).
    Removing stm32f1xx_hal_spi_ex.o(.rev16_text), (4 bytes).
    Removing stm32f1xx_hal_spi_ex.o(.revsh_text), (4 bytes).
    Removing stm32f1xx_hal_spi_ex.o(.rrx_text), (6 bytes).
    Removing stm32f1xx_hal_pwr.o(.rev16_text), (4 bytes).
    Removing stm32f1xx_hal_pwr.o(.revsh_text), (4 bytes).
    Removing stm32f1xx_hal_pwr.o(.rrx_text), (6 bytes).
    Removing stm32f1xx_hal_pwr.o(i.HAL_PWR_ConfigPVD), (124 bytes).
    Removing stm32f1xx_hal_pwr.o(i.HAL_PWR_DeInit), (24 bytes).
    Removing stm32f1xx_hal_pwr.o(i.HAL_PWR_DisableBkUpAccess), (28 bytes).
    Removing stm32f1xx_hal_pwr.o(i.HAL_PWR_DisablePVD), (24 bytes).
    Removing stm32f1xx_hal_pwr.o(i.HAL_PWR_DisableSEVOnPend), (16 bytes).
    Removing stm32f1xx_hal_pwr.o(i.HAL_PWR_DisableSleepOnExit), (16 bytes).
    Removing stm32f1xx_hal_pwr.o(i.HAL_PWR_DisableWakeUpPin), (28 bytes).
    Removing stm32f1xx_hal_pwr.o(i.HAL_PWR_EnableBkUpAccess), (24 bytes).
    Removing stm32f1xx_hal_pwr.o(i.HAL_PWR_EnablePVD), (24 bytes).
    Removing stm32f1xx_hal_pwr.o(i.HAL_PWR_EnableSEVOnPend), (16 bytes).
    Removing stm32f1xx_hal_pwr.o(i.HAL_PWR_EnableSleepOnExit), (16 bytes).
    Removing stm32f1xx_hal_pwr.o(i.HAL_PWR_EnableWakeUpPin), (28 bytes).
    Removing stm32f1xx_hal_pwr.o(i.HAL_PWR_EnterSLEEPMode), (32 bytes).
    Removing stm32f1xx_hal_pwr.o(i.HAL_PWR_EnterSTANDBYMode), (32 bytes).
    Removing stm32f1xx_hal_pwr.o(i.HAL_PWR_EnterSTOPMode), (68 bytes).
    Removing stm32f1xx_hal_pwr.o(i.HAL_PWR_PVDCallback), (2 bytes).
    Removing stm32f1xx_hal_pwr.o(i.HAL_PWR_PVD_IRQHandler), (28 bytes).
    Removing stm32f1xx_hal_pwr.o(i.PWR_OverloadWfe), (6 bytes).
    Removing stm32f1xx_hal_spi.o(.rev16_text), (4 bytes).
    Removing stm32f1xx_hal_spi.o(.revsh_text), (4 bytes).
    Removing stm32f1xx_hal_spi.o(.rrx_text), (6 bytes).
    Removing stm32f1xx_hal_spi.o(i.HAL_SPI_DMAPause), (48 bytes).
    Removing stm32f1xx_hal_spi.o(i.HAL_SPI_DMAResume), (48 bytes).
    Removing stm32f1xx_hal_spi.o(i.HAL_SPI_DMAStop), (50 bytes).
    Removing stm32f1xx_hal_spi.o(i.HAL_SPI_DeInit), (46 bytes).
    Removing stm32f1xx_hal_spi.o(i.HAL_SPI_ErrorCallback), (2 bytes).
    Removing stm32f1xx_hal_spi.o(i.HAL_SPI_GetError), (4 bytes).
    Removing stm32f1xx_hal_spi.o(i.HAL_SPI_GetState), (6 bytes).
    Removing stm32f1xx_hal_spi.o(i.HAL_SPI_IRQHandler), (176 bytes).
    Removing stm32f1xx_hal_spi.o(i.HAL_SPI_Init), (122 bytes).
    Removing stm32f1xx_hal_spi.o(i.HAL_SPI_MspDeInit), (2 bytes).
    Removing stm32f1xx_hal_spi.o(i.HAL_SPI_MspInit), (2 bytes).
    Removing stm32f1xx_hal_spi.o(i.HAL_SPI_Receive_DMA), (224 bytes).
    Removing stm32f1xx_hal_spi.o(i.HAL_SPI_Receive_IT), (180 bytes).
    Removing stm32f1xx_hal_spi.o(i.HAL_SPI_RxCpltCallback), (2 bytes).
    Removing stm32f1xx_hal_spi.o(i.HAL_SPI_RxHalfCpltCallback), (2 bytes).
    Removing stm32f1xx_hal_spi.o(i.HAL_SPI_TransmitReceive_DMA), (272 bytes).
    Removing stm32f1xx_hal_spi.o(i.HAL_SPI_TransmitReceive_IT), (172 bytes).
    Removing stm32f1xx_hal_spi.o(i.HAL_SPI_Transmit_DMA), (192 bytes).
    Removing stm32f1xx_hal_spi.o(i.HAL_SPI_Transmit_IT), (164 bytes).
    Removing stm32f1xx_hal_spi.o(i.HAL_SPI_TxCpltCallback), (2 bytes).
    Removing stm32f1xx_hal_spi.o(i.HAL_SPI_TxHalfCpltCallback), (2 bytes).
    Removing stm32f1xx_hal_spi.o(i.HAL_SPI_TxRxCpltCallback), (2 bytes).
    Removing stm32f1xx_hal_spi.o(i.HAL_SPI_TxRxHalfCpltCallback), (2 bytes).
    Removing stm32f1xx_hal_spi.o(i.SPI_2LinesRxISR), (44 bytes).
    Removing stm32f1xx_hal_spi.o(i.SPI_DMAError), (30 bytes).
    Removing stm32f1xx_hal_spi.o(i.SPI_DMAHalfReceiveCplt), (10 bytes).
    Removing stm32f1xx_hal_spi.o(i.SPI_DMAHalfTransmitCplt), (10 bytes).
    Removing stm32f1xx_hal_spi.o(i.SPI_DMAHalfTransmitReceiveCplt), (10 bytes).
    Removing stm32f1xx_hal_spi.o(i.SPI_DMAReceiveCplt), (218 bytes).
    Removing stm32f1xx_hal_spi.o(i.SPI_DMATransmitCplt), (108 bytes).
    Removing stm32f1xx_hal_spi.o(i.SPI_DMATransmitReceiveCplt), (190 bytes).
    Removing stm32f1xx_hal_spi.o(i.SPI_ISCRCErrorValid), (4 bytes).
    Removing stm32f1xx_hal_spi.o(i.SPI_RxCloseIRQHandler), (246 bytes).
    Removing stm32f1xx_hal_spi.o(i.SPI_RxISR), (70 bytes).
    Removing stm32f1xx_hal_spi.o(i.SPI_TxCloseIRQHandler), (130 bytes).
    Removing stm32f1xx_hal_spi.o(i.SPI_TxISR), (66 bytes).
    Removing stm32f1xx_hal_dma.o(.rev16_text), (4 bytes).
    Removing stm32f1xx_hal_dma.o(.revsh_text), (4 bytes).
    Removing stm32f1xx_hal_dma.o(.rrx_text), (6 bytes).
    Removing stm32f1xx_hal_dma.o(i.DMA_SetConfig), (30 bytes).
    Removing stm32f1xx_hal_dma.o(i.HAL_DMA_Abort), (86 bytes).
    Removing stm32f1xx_hal_dma.o(i.HAL_DMA_DeInit), (296 bytes).
    Removing stm32f1xx_hal_dma.o(i.HAL_DMA_GetError), (4 bytes).
    Removing stm32f1xx_hal_dma.o(i.HAL_DMA_GetState), (6 bytes).
    Removing stm32f1xx_hal_dma.o(i.HAL_DMA_IRQHandler), (620 bytes).
    Removing stm32f1xx_hal_dma.o(i.HAL_DMA_Init), (80 bytes).
    Removing stm32f1xx_hal_dma.o(i.HAL_DMA_PollForTransfer), (572 bytes).
    Removing stm32f1xx_hal_dma.o(i.HAL_DMA_Start), (58 bytes).
    Removing stm32f1xx_hal_dma.o(i.HAL_DMA_Start_IT), (88 bytes).
    Removing stm32f1xx_hal.o(.rev16_text), (4 bytes).
    Removing stm32f1xx_hal.o(.revsh_text), (4 bytes).
    Removing stm32f1xx_hal.o(.rrx_text), (6 bytes).
    Removing stm32f1xx_hal.o(i.HAL_DBGMCU_DisableDBGSleepMode), (16 bytes).
    Removing stm32f1xx_hal.o(i.HAL_DBGMCU_DisableDBGStandbyMode), (16 bytes).
    Removing stm32f1xx_hal.o(i.HAL_DBGMCU_DisableDBGStopMode), (16 bytes).
    Removing stm32f1xx_hal.o(i.HAL_DBGMCU_EnableDBGSleepMode), (16 bytes).
    Removing stm32f1xx_hal.o(i.HAL_DBGMCU_EnableDBGStandbyMode), (16 bytes).
    Removing stm32f1xx_hal.o(i.HAL_DBGMCU_EnableDBGStopMode), (16 bytes).
    Removing stm32f1xx_hal.o(i.HAL_DeInit), (32 bytes).
    Removing stm32f1xx_hal.o(i.HAL_GetDEVID), (16 bytes).
    Removing stm32f1xx_hal.o(i.HAL_GetHalVersion), (8 bytes).
    Removing stm32f1xx_hal.o(i.HAL_GetREVID), (28 bytes).
    Removing stm32f1xx_hal.o(i.HAL_MspDeInit), (2 bytes).
    Removing stm32f1xx_hal.o(i.HAL_MspInit), (2 bytes).
    Removing stm32f1xx_hal.o(i.HAL_ResumeTick), (14 bytes).
    Removing stm32f1xx_hal.o(i.HAL_SuspendTick), (14 bytes).
    Removing stm32f1xx_hal_rcc_ex.o(.rev16_text), (4 bytes).
    Removing stm32f1xx_hal_rcc_ex.o(.revsh_text), (4 bytes).
    Removing stm32f1xx_hal_rcc_ex.o(.rrx_text), (6 bytes).
    Removing stm32f1xx_hal_rcc_ex.o(i.HAL_RCCEx_GetPeriphCLKConfig), (32 bytes).
    Removing stm32f1xx_hal_rcc_ex.o(i.HAL_RCCEx_GetPeriphCLKFreq), (104 bytes).
    Removing stm32f1xx_hal_rcc_ex.o(i.HAL_RCCEx_PeriphCLKConfig), (276 bytes).
    Removing stm32f1xx_hal_cortex.o(.rev16_text), (4 bytes).
    Removing stm32f1xx_hal_cortex.o(.revsh_text), (4 bytes).
    Removing stm32f1xx_hal_cortex.o(.rrx_text), (6 bytes).
    Removing stm32f1xx_hal_cortex.o(i.HAL_NVIC_ClearPendingIRQ), (22 bytes).
    Removing stm32f1xx_hal_cortex.o(i.HAL_NVIC_DisableIRQ), (22 bytes).
    Removing stm32f1xx_hal_cortex.o(i.HAL_NVIC_EnableIRQ), (22 bytes).
    Removing stm32f1xx_hal_cortex.o(i.HAL_NVIC_GetActive), (32 bytes).
    Removing stm32f1xx_hal_cortex.o(i.HAL_NVIC_GetPendingIRQ), (32 bytes).
    Removing stm32f1xx_hal_cortex.o(i.HAL_NVIC_GetPriority), (82 bytes).
    Removing stm32f1xx_hal_cortex.o(i.HAL_NVIC_GetPriorityGrouping), (16 bytes).
    Removing stm32f1xx_hal_cortex.o(i.HAL_NVIC_SetPendingIRQ), (22 bytes).
    Removing stm32f1xx_hal_cortex.o(i.HAL_NVIC_SystemReset), (36 bytes).
    Removing clock-arch.o(i.clock_time), (4 bytes).
    Removing psock.o(i.buf_bufdata), (122 bytes).
    Removing psock.o(i.psock_datalen), (10 bytes).
    Removing psock.o(i.psock_generator_send), (108 bytes).
    Removing psock.o(i.psock_readbuf), (156 bytes).
    Removing timer.o(i.timer_expired), (26 bytes).
    Removing timer.o(i.timer_reset), (10 bytes).
    Removing timer.o(i.timer_restart), (12 bytes).
    Removing timer.o(i.timer_set), (14 bytes).
    Removing uip.o(i.uip_chksum), (20 bytes).
    Removing uip.o(i.uip_connect), (232 bytes).
    Removing uip.o(i.uip_setipid), (12 bytes).
    Removing uip.o(i.uip_udpchksum), (6 bytes).
    Removing uip.o(i.uip_unlisten), (48 bytes).
    Removing uip.o(.constdata), (4 bytes).
    Removing uip_arp.o(.constdata), (4 bytes).
    Removing uip-fw.o(i.fwcache_register), (88 bytes).
    Removing uip-fw.o(i.time_exceeded), (128 bytes).
    Removing uip-fw.o(i.uip_fw_default), (12 bytes).
    Removing uip-fw.o(i.uip_fw_forward), (204 bytes).
    Removing uip-fw.o(i.uip_fw_init), (28 bytes).
    Removing uip-fw.o(i.uip_fw_output), (92 bytes).
    Removing uip-fw.o(i.uip_fw_periodic), (28 bytes).
    Removing uip-fw.o(i.uip_fw_register), (16 bytes).
    Removing uip-fw.o(.bss), (28 bytes).
    Removing uip-fw.o(.data), (8 bytes).
    Removing uiplib.o(i.uiplib_ipaddrconv), (78 bytes).
    Removing uip-neighbor.o(i.find_entry), (56 bytes).
    Removing uip-neighbor.o(i.uip_neighbor_add), (136 bytes).
    Removing uip-neighbor.o(i.uip_neighbor_init), (32 bytes).
    Removing uip-neighbor.o(i.uip_neighbor_lookup), (14 bytes).
    Removing uip-neighbor.o(i.uip_neighbor_periodic), (36 bytes).
    Removing uip-neighbor.o(i.uip_neighbor_update), (16 bytes).
    Removing uip-neighbor.o(.bss), (96 bytes).
    Removing uip-neighbor.o(.conststring), (65 bytes).
    Removing enc28j60.o(.rev16_text), (4 bytes).
    Removing enc28j60.o(.revsh_text), (4 bytes).
    Removing enc28j60.o(.rrx_text), (6 bytes).
    Removing enc28j60.o(i.enc28j60_read_phy), (46 bytes).
    Removing delay.o(i.DelayMcs), (20 bytes).
    Removing delay.o(i.DelayMs), (28 bytes).
    Removing dadd.o(.text), (334 bytes).
    Removing dmul.o(.text), (228 bytes).
    Removing ddiv.o(.text), (222 bytes).
    Removing dfixul.o(.text), (48 bytes).
    Removing cdrcmple.o(.text), (48 bytes).
    Removing depilogue.o(.text), (186 bytes).

242 unused section(s) (total 13101 bytes) removed from the image.

==============================================================================

Image Symbol Table

    Local Symbols

    Symbol Name                              Value     Ov Type        Size  Object(Section)

    ../Drivers/CMSIS/Device/ST/STM32F1xx/Source/Templates/arm/startup_stm32f100xb.s 0x00000000   Number         0  startup_stm32f100xb.o ABSOLUTE
    ../Drivers/CMSIS/Device/ST/STM32F1xx/Source/Templates/system_stm32f1xx.c 0x00000000   Number         0  system_stm32f1xx.o ABSOLUTE
    ../Drivers/STM32F1xx_HAL_Driver/Src/stm32f1xx_hal.c 0x00000000   Number         0  stm32f1xx_hal.o ABSOLUTE
    ../Drivers/STM32F1xx_HAL_Driver/Src/stm32f1xx_hal_cortex.c 0x00000000   Number         0  stm32f1xx_hal_cortex.o ABSOLUTE
    ../Drivers/STM32F1xx_HAL_Driver/Src/stm32f1xx_hal_dma.c 0x00000000   Number         0  stm32f1xx_hal_dma.o ABSOLUTE
    ../Drivers/STM32F1xx_HAL_Driver/Src/stm32f1xx_hal_flash.c 0x00000000   Number         0  stm32f1xx_hal_flash.o ABSOLUTE
    ../Drivers/STM32F1xx_HAL_Driver/Src/stm32f1xx_hal_flash_ex.c 0x00000000   Number         0  stm32f1xx_hal_flash_ex.o ABSOLUTE
    ../Drivers/STM32F1xx_HAL_Driver/Src/stm32f1xx_hal_gpio.c 0x00000000   Number         0  stm32f1xx_hal_gpio.o ABSOLUTE
    ../Drivers/STM32F1xx_HAL_Driver/Src/stm32f1xx_hal_gpio_ex.c 0x00000000   Number         0  stm32f1xx_hal_gpio_ex.o ABSOLUTE
    ../Drivers/STM32F1xx_HAL_Driver/Src/stm32f1xx_hal_pwr.c 0x00000000   Number         0  stm32f1xx_hal_pwr.o ABSOLUTE
    ../Drivers/STM32F1xx_HAL_Driver/Src/stm32f1xx_hal_rcc.c 0x00000000   Number         0  stm32f1xx_hal_rcc.o ABSOLUTE
    ../Drivers/STM32F1xx_HAL_Driver/Src/stm32f1xx_hal_rcc_ex.c 0x00000000   Number         0  stm32f1xx_hal_rcc_ex.o ABSOLUTE
    ../Drivers/STM32F1xx_HAL_Driver/Src/stm32f1xx_hal_spi.c 0x00000000   Number         0  stm32f1xx_hal_spi.o ABSOLUTE
    ../Drivers/STM32F1xx_HAL_Driver/Src/stm32f1xx_hal_spi_ex.c 0x00000000   Number         0  stm32f1xx_hal_spi_ex.o ABSOLUTE
    ../Src/gpio.c                            0x00000000   Number         0  gpio.o ABSOLUTE
    ../Src/main.c                            0x00000000   Number         0  main.o ABSOLUTE
    ../Src/spi.c                             0x00000000   Number         0  spi.o ABSOLUTE
    ../Src/stm32f1xx_hal_msp.c               0x00000000   Number         0  stm32f1xx_hal_msp.o ABSOLUTE
    ../Src/stm32f1xx_it.c                    0x00000000   Number         0  stm32f1xx_it.o ABSOLUTE
    ../clib/microlib/division.c              0x00000000   Number         0  uldiv.o ABSOLUTE
    ../clib/microlib/division.c              0x00000000   Number         0  uidiv.o ABSOLUTE
    ../clib/microlib/init/entry.s            0x00000000   Number         0  entry5.o ABSOLUTE
    ../clib/microlib/init/entry.s            0x00000000   Number         0  entry7a.o ABSOLUTE
    ../clib/microlib/init/entry.s            0x00000000   Number         0  entry8a.o ABSOLUTE
    ../clib/microlib/init/entry.s            0x00000000   Number         0  entry.o ABSOLUTE
    ../clib/microlib/init/entry.s            0x00000000   Number         0  entry8b.o ABSOLUTE
    ../clib/microlib/init/entry.s            0x00000000   Number         0  entry9a.o ABSOLUTE
    ../clib/microlib/init/entry.s            0x00000000   Number         0  entry7b.o ABSOLUTE
    ../clib/microlib/init/entry.s            0x00000000   Number         0  entry10a.o ABSOLUTE
    ../clib/microlib/init/entry.s            0x00000000   Number         0  entry10b.o ABSOLUTE
    ../clib/microlib/init/entry.s            0x00000000   Number         0  entry9b.o ABSOLUTE
    ../clib/microlib/init/entry.s            0x00000000   Number         0  entry11a.o ABSOLUTE
    ../clib/microlib/init/entry.s            0x00000000   Number         0  entry11b.o ABSOLUTE
    ../clib/microlib/init/entry.s            0x00000000   Number         0  entry2.o ABSOLUTE
    ../clib/microlib/longlong.c              0x00000000   Number         0  llshl.o ABSOLUTE
    ../clib/microlib/longlong.c              0x00000000   Number         0  llsshr.o ABSOLUTE
    ../clib/microlib/longlong.c              0x00000000   Number         0  llushr.o ABSOLUTE
    ../clib/microlib/printf/printf.c         0x00000000   Number         0  printfb.o ABSOLUTE
    ../clib/microlib/printf/printf.c         0x00000000   Number         0  printf0.o ABSOLUTE
    ../clib/microlib/printf/printf.c         0x00000000   Number         0  printf1.o ABSOLUTE
    ../clib/microlib/printf/printf.c         0x00000000   Number         0  printfa.o ABSOLUTE
    ../clib/microlib/printf/printf.c         0x00000000   Number         0  printf3.o ABSOLUTE
    ../clib/microlib/printf/printf.c         0x00000000   Number         0  printf8.o ABSOLUTE
    ../clib/microlib/printf/printf.c         0x00000000   Number         0  printf2.o ABSOLUTE
    ../clib/microlib/printf/printf.c         0x00000000   Number         0  printf7.o ABSOLUTE
    ../clib/microlib/printf/printf.c         0x00000000   Number         0  printf6.o ABSOLUTE
    ../clib/microlib/printf/printf.c         0x00000000   Number         0  printf5.o ABSOLUTE
    ../clib/microlib/printf/printf.c         0x00000000   Number         0  printf4.o ABSOLUTE
    ../clib/microlib/printf/stubs.s          0x00000000   Number         0  stubs.o ABSOLUTE
    ../clib/microlib/stdio/fputc.c           0x00000000   Number         0  fputc.o ABSOLUTE
    ../clib/microlib/stdio/semi.s            0x00000000   Number         0  semi.o ABSOLUTE
    ../clib/microlib/stdio/streams.c         0x00000000   Number         0  stdout.o ABSOLUTE
    ../clib/microlib/string/memcpy.c         0x00000000   Number         0  memcpya.o ABSOLUTE
    ../clib/microlib/string/memcpy.c         0x00000000   Number         0  memcpyb.o ABSOLUTE
    ../clib/microlib/string/memset.c         0x00000000   Number         0  memseta.o ABSOLUTE
    ../clib/microlib/string/strlen.c         0x00000000   Number         0  strlen.o ABSOLUTE
    ../clib/microlib/string/strncpy.c        0x00000000   Number         0  strncpy.o ABSOLUTE
    ../clib/microlib/stubs.s                 0x00000000   Number         0  iusefp.o ABSOLUTE
    ../clib/microlib/stubs.s                 0x00000000   Number         0  iusesemip.o ABSOLUTE
    ../fplib/microlib/fpadd.c                0x00000000   Number         0  dadd.o ABSOLUTE
    ../fplib/microlib/fpdiv.c                0x00000000   Number         0  ddiv.o ABSOLUTE
    ../fplib/microlib/fpepilogue.c           0x00000000   Number         0  depilogue.o ABSOLUTE
    ../fplib/microlib/fpfix.c                0x00000000   Number         0  dfixul.o ABSOLUTE
    ../fplib/microlib/fpmul.c                0x00000000   Number         0  dmul.o ABSOLUTE
    ..\Drivers\CMSIS\Device\ST\STM32F1xx\Source\Templates\system_stm32f1xx.c 0x00000000   Number         0  system_stm32f1xx.o ABSOLUTE
    ..\Drivers\STM32F1xx_HAL_Driver\Src\stm32f1xx_hal.c 0x00000000   Number         0  stm32f1xx_hal.o ABSOLUTE
    ..\Drivers\STM32F1xx_HAL_Driver\Src\stm32f1xx_hal_cortex.c 0x00000000   Number         0  stm32f1xx_hal_cortex.o ABSOLUTE
    ..\Drivers\STM32F1xx_HAL_Driver\Src\stm32f1xx_hal_dma.c 0x00000000   Number         0  stm32f1xx_hal_dma.o ABSOLUTE
    ..\Drivers\STM32F1xx_HAL_Driver\Src\stm32f1xx_hal_flash.c 0x00000000   Number         0  stm32f1xx_hal_flash.o ABSOLUTE
    ..\Drivers\STM32F1xx_HAL_Driver\Src\stm32f1xx_hal_flash_ex.c 0x00000000   Number         0  stm32f1xx_hal_flash_ex.o ABSOLUTE
    ..\Drivers\STM32F1xx_HAL_Driver\Src\stm32f1xx_hal_gpio.c 0x00000000   Number         0  stm32f1xx_hal_gpio.o ABSOLUTE
    ..\Drivers\STM32F1xx_HAL_Driver\Src\stm32f1xx_hal_gpio_ex.c 0x00000000   Number         0  stm32f1xx_hal_gpio_ex.o ABSOLUTE
    ..\Drivers\STM32F1xx_HAL_Driver\Src\stm32f1xx_hal_pwr.c 0x00000000   Number         0  stm32f1xx_hal_pwr.o ABSOLUTE
    ..\Drivers\STM32F1xx_HAL_Driver\Src\stm32f1xx_hal_rcc.c 0x00000000   Number         0  stm32f1xx_hal_rcc.o ABSOLUTE
    ..\Drivers\STM32F1xx_HAL_Driver\Src\stm32f1xx_hal_rcc_ex.c 0x00000000   Number         0  stm32f1xx_hal_rcc_ex.o ABSOLUTE
    ..\Drivers\STM32F1xx_HAL_Driver\Src\stm32f1xx_hal_spi.c 0x00000000   Number         0  stm32f1xx_hal_spi.o ABSOLUTE
    ..\Drivers\STM32F1xx_HAL_Driver\Src\stm32f1xx_hal_spi_ex.c 0x00000000   Number         0  stm32f1xx_hal_spi_ex.o ABSOLUTE
    ..\Src\gpio.c                            0x00000000   Number         0  gpio.o ABSOLUTE
    ..\Src\main.c                            0x00000000   Number         0  main.o ABSOLUTE
    ..\Src\spi.c                             0x00000000   Number         0  spi.o ABSOLUTE
    ..\Src\stm32f1xx_hal_msp.c               0x00000000   Number         0  stm32f1xx_hal_msp.o ABSOLUTE
    ..\Src\stm32f1xx_it.c                    0x00000000   Number         0  stm32f1xx_it.o ABSOLUTE
    ..\\enc28j60\\enc28j60.c                 0x00000000   Number         0  enc28j60.o ABSOLUTE
    ..\delay.c                               0x00000000   Number         0  delay.o ABSOLUTE
    ..\enc28j60\enc28j60.c                   0x00000000   Number         0  enc28j60.o ABSOLUTE
    ..\hello-world.c                         0x00000000   Number         0  hello-world.o ABSOLUTE
    ..\uIP\clock-arch.c                      0x00000000   Number         0  clock-arch.o ABSOLUTE
    ..\uIP\psock.c                           0x00000000   Number         0  psock.o ABSOLUTE
    ..\uIP\timer.c                           0x00000000   Number         0  timer.o ABSOLUTE
    ..\uIP\uip-fw.c                          0x00000000   Number         0  uip-fw.o ABSOLUTE
    ..\uIP\uip-neighbor.c                    0x00000000   Number         0  uip-neighbor.o ABSOLUTE
    ..\uIP\uip.c                             0x00000000   Number         0  uip.o ABSOLUTE
    ..\uIP\uip_arp.c                         0x00000000   Number         0  uip_arp.o ABSOLUTE
    ..\uIP\uiplib.c                          0x00000000   Number         0  uiplib.o ABSOLUTE
    cdrcmple.s                               0x00000000   Number         0  cdrcmple.o ABSOLUTE
    dc.s                                     0x00000000   Number         0  dc.o ABSOLUTE
    handlers.s                               0x00000000   Number         0  handlers.o ABSOLUTE
    init.s                                   0x00000000   Number         0  init.o ABSOLUTE
    RESET                                    0x08000000   Section      288  startup_stm32f100xb.o(RESET)
    .ARM.Collect$$$$00000000                 0x08000120   Section        0  entry.o(.ARM.Collect$$$$00000000)
    .ARM.Collect$$$$00000001                 0x08000120   Section        4  entry2.o(.ARM.Collect$$$$00000001)
    .ARM.Collect$$$$00000004                 0x08000124   Section        4  entry5.o(.ARM.Collect$$$$00000004)
    .ARM.Collect$$$$00000008                 0x08000128   Section        0  entry7b.o(.ARM.Collect$$$$00000008)
    .ARM.Collect$$$$0000000A                 0x08000128   Section        0  entry8b.o(.ARM.Collect$$$$0000000A)
    .ARM.Collect$$$$0000000B                 0x08000128   Section        8  entry9a.o(.ARM.Collect$$$$0000000B)
    .ARM.Collect$$$$0000000D                 0x08000130   Section        0  entry10a.o(.ARM.Collect$$$$0000000D)
    .ARM.Collect$$$$0000000F                 0x08000130   Section        0  entry11a.o(.ARM.Collect$$$$0000000F)
    .ARM.Collect$$$$00002712                 0x08000130   Section        4  entry2.o(.ARM.Collect$$$$00002712)
    __lit__00000000                          0x08000130   Data           4  entry2.o(.ARM.Collect$$$$00002712)
    .text                                    0x08000134   Section       36  startup_stm32f100xb.o(.text)
    .text                                    0x08000158   Section        0  llushr.o(.text)
    .text                                    0x08000178   Section        0  memcpya.o(.text)
    .text                                    0x0800019c   Section        0  memseta.o(.text)
    .text                                    0x080001c0   Section        0  strncpy.o(.text)
    .text                                    0x080001d8   Section        0  strlen.o(.text)
    .text                                    0x080001e6   Section        0  uldiv.o(.text)
    .text                                    0x08000248   Section       36  init.o(.text)
    .text                                    0x0800026c   Section        0  llshl.o(.text)
    .text                                    0x0800026c   Section        0  semi.o(.text)
    .text                                    0x0800028a   Section        0  iusesemip.o(.text)
    i.HAL_Delay                              0x0800028a   Section        0  stm32f1xx_hal.o(i.HAL_Delay)
    i.HAL_GPIO_Init                          0x080002a0   Section        0  stm32f1xx_hal_gpio.o(i.HAL_GPIO_Init)
    i.HAL_GPIO_WritePin                      0x0800045c   Section        0  stm32f1xx_hal_gpio.o(i.HAL_GPIO_WritePin)
    i.HAL_GetTick                            0x08000468   Section        0  stm32f1xx_hal.o(i.HAL_GetTick)
    i.HAL_IncTick                            0x08000474   Section        0  stm32f1xx_hal.o(i.HAL_IncTick)
    i.HAL_Init                               0x08000484   Section        0  stm32f1xx_hal.o(i.HAL_Init)
    i.HAL_InitTick                           0x0800049a   Section        0  stm32f1xx_hal.o(i.HAL_InitTick)
    i.HAL_MspInit                            0x080004bc   Section        0  stm32f1xx_hal_msp.o(i.HAL_MspInit)
    i.HAL_NVIC_SetPriority                   0x080004f8   Section        0  stm32f1xx_hal_cortex.o(i.HAL_NVIC_SetPriority)
    i.HAL_NVIC_SetPriorityGrouping           0x08000538   Section        0  stm32f1xx_hal_cortex.o(i.HAL_NVIC_SetPriorityGrouping)
    i.HAL_RCC_ClockConfig                    0x0800055c   Section        0  stm32f1xx_hal_rcc.o(i.HAL_RCC_ClockConfig)
    i.HAL_RCC_GetHCLKFreq                    0x08000664   Section        0  stm32f1xx_hal_rcc.o(i.HAL_RCC_GetHCLKFreq)
    i.HAL_RCC_GetSysClockFreq                0x08000698   Section        0  stm32f1xx_hal_rcc.o(i.HAL_RCC_GetSysClockFreq)
    i.HAL_RCC_OscConfig                      0x0800072c   Section        0  stm32f1xx_hal_rcc.o(i.HAL_RCC_OscConfig)
    i.HAL_SPI_Init                           0x08000d60   Section        0  stm32f1xx_hal_spi_ex.o(i.HAL_SPI_Init)
    i.HAL_SPI_MspInit                        0x08000de0   Section        0  spi.o(i.HAL_SPI_MspInit)
    i.HAL_SPI_Receive                        0x08000e58   Section        0  stm32f1xx_hal_spi.o(i.HAL_SPI_Receive)
    i.HAL_SPI_Transmit                       0x08001044   Section        0  stm32f1xx_hal_spi.o(i.HAL_SPI_Transmit)
    i.HAL_SPI_TransmitReceive                0x0800118a   Section        0  stm32f1xx_hal_spi.o(i.HAL_SPI_TransmitReceive)
    i.HAL_SYSTICK_CLKSourceConfig            0x0800143c   Section        0  stm32f1xx_hal_cortex.o(i.HAL_SYSTICK_CLKSourceConfig)
    i.HAL_SYSTICK_Callback                   0x08001454   Section        0  stm32f1xx_hal_cortex.o(i.HAL_SYSTICK_Callback)
    i.HAL_SYSTICK_Config                     0x08001456   Section        0  stm32f1xx_hal_cortex.o(i.HAL_SYSTICK_Config)
    i.HAL_SYSTICK_IRQHandler                 0x0800147e   Section        0  stm32f1xx_hal_cortex.o(i.HAL_SYSTICK_IRQHandler)
    i.MX_GPIO_Init                           0x08001488   Section        0  gpio.o(i.MX_GPIO_Init)
    i.MX_SPI1_Init                           0x080014b4   Section        0  spi.o(i.MX_SPI1_Init)
    i.NVIC_SetPriority                       0x080014ec   Section        0  stm32f1xx_hal_cortex.o(i.NVIC_SetPriority)
    NVIC_SetPriority                         0x080014ed   Thumb Code    32  stm32f1xx_hal_cortex.o(i.NVIC_SetPriority)
    i.SPI_ISCRCErrorValid                    0x0800150c   Section        0  stm32f1xx_hal_spi_ex.o(i.SPI_ISCRCErrorValid)
    i.SPI_WaitOnFlagUntilTimeout             0x08001510   Section        0  stm32f1xx_hal_spi.o(i.SPI_WaitOnFlagUntilTimeout)
    SPI_WaitOnFlagUntilTimeout               0x08001511   Thumb Code   158  stm32f1xx_hal_spi.o(i.SPI_WaitOnFlagUntilTimeout)
    i.SysTick_Handler                        0x080015b0   Section        0  stm32f1xx_it.o(i.SysTick_Handler)
    i.SystemClock_Config                     0x080015cc   Section        0  main.o(i.SystemClock_Config)
    i.SystemInit                             0x08001624   Section        0  system_stm32f1xx.o(i.SystemInit)
    i.__0printf$8                            0x08001670   Section        0  printf8.o(i.__0printf$8)
    i.__scatterload_copy                     0x08001690   Section       14  handlers.o(i.__scatterload_copy)
    i.__scatterload_null                     0x0800169e   Section        2  handlers.o(i.__scatterload_null)
    i.__scatterload_zeroinit                 0x080016a0   Section       14  handlers.o(i.__scatterload_zeroinit)
    i._printf_core                           0x080016b0   Section        0  printf8.o(i._printf_core)
    _printf_core                             0x080016b1   Thumb Code   996  printf8.o(i._printf_core)
    i._printf_post_padding                   0x08001ac0   Section        0  printf8.o(i._printf_post_padding)
    _printf_post_padding                     0x08001ac1   Thumb Code    36  printf8.o(i._printf_post_padding)
    i._printf_pre_padding                    0x08001ae4   Section        0  printf8.o(i._printf_pre_padding)
    _printf_pre_padding                      0x08001ae5   Thumb Code    46  printf8.o(i._printf_pre_padding)
    i.buf_bufto                              0x08001b12   Section        0  psock.o(i.buf_bufto)
    buf_bufto                                0x08001b13   Thumb Code    98  psock.o(i.buf_bufto)
    i.chksum                                 0x08001b74   Section        0  uip.o(i.chksum)
    chksum                                   0x08001b75   Thumb Code    58  uip.o(i.chksum)
    i.data_acked                             0x08001bb0   Section        0  psock.o(i.data_acked)
    data_acked                               0x08001bb1   Thumb Code    66  psock.o(i.data_acked)
    i.enc28j60_bfc                           0x08001bfc   Section        0  enc28j60.o(i.enc28j60_bfc)
    i.enc28j60_bfs                           0x08001c14   Section        0  enc28j60.o(i.enc28j60_bfs)
    i.enc28j60_init                          0x08001c2c   Section        0  enc28j60.o(i.enc28j60_init)
    i.enc28j60_rcr                           0x08001d28   Section        0  enc28j60.o(i.enc28j60_rcr)
    i.enc28j60_rcr16                         0x08001d3c   Section        0  enc28j60.o(i.enc28j60_rcr16)
    i.enc28j60_read_buffer                   0x08001d60   Section        0  enc28j60.o(i.enc28j60_read_buffer)
    i.enc28j60_read_op                       0x08001d9c   Section        0  enc28j60.o(i.enc28j60_read_op)
    i.enc28j60_recv_packet                   0x08001ddc   Section        0  enc28j60.o(i.enc28j60_recv_packet)
    i.enc28j60_rxtx                          0x08001e50   Section        0  enc28j60.o(i.enc28j60_rxtx)
    i.enc28j60_send_packet                   0x08001e8c   Section        0  enc28j60.o(i.enc28j60_send_packet)
    i.enc28j60_set_bank                      0x08001ef8   Section        0  enc28j60.o(i.enc28j60_set_bank)
    i.enc28j60_soft_reset                    0x08001f2c   Section        0  enc28j60.o(i.enc28j60_soft_reset)
    i.enc28j60_wcr                           0x08001f6c   Section        0  enc28j60.o(i.enc28j60_wcr)
    i.enc28j60_wcr16                         0x08001f84   Section        0  enc28j60.o(i.enc28j60_wcr16)
    i.enc28j60_write_buffer                  0x08001fa8   Section        0  enc28j60.o(i.enc28j60_write_buffer)
    i.enc28j60_write_op                      0x08001fe0   Section        0  enc28j60.o(i.enc28j60_write_op)
    i.enc28j60_write_phy                     0x08002018   Section        0  enc28j60.o(i.enc28j60_write_phy)
    i.fputc                                  0x08002038   Section        0  fputc.o(i.fputc)
    i.handle_connection                      0x0800204c   Section        0  hello-world.o(i.handle_connection)
    handle_connection                        0x0800204d   Thumb Code   136  hello-world.o(i.handle_connection)
    i.hello_world_appcall                    0x080020fc   Section        0  hello-world.o(i.hello_world_appcall)
    i.hello_world_init                       0x0800212c   Section        0  hello-world.o(i.hello_world_init)
    i.htons                                  0x08002134   Section        0  uip.o(i.htons)
    i.main                                   0x08002140   Section        0  main.o(i.main)
    i.psock_init                             0x080021d8   Section        0  psock.o(i.psock_init)
    i.psock_newdata                          0x080021f0   Section        0  psock.o(i.psock_newdata)
    i.psock_readto                           0x08002218   Section        0  psock.o(i.psock_readto)
    i.psock_send                             0x0800229c   Section        0  psock.o(i.psock_send)
    i.send_data                              0x080022e8   Section        0  psock.o(i.send_data)
    send_data                                0x080022e9   Thumb Code    54  psock.o(i.send_data)
    i.uip_add32                              0x08002328   Section        0  uip.o(i.uip_add32)
    i.uip_add_rcv_nxt                        0x08002384   Section        0  uip.o(i.uip_add_rcv_nxt)
    uip_add_rcv_nxt                          0x08002385   Thumb Code    38  uip.o(i.uip_add_rcv_nxt)
    i.uip_arp_arpin                          0x080023b0   Section        0  uip_arp.o(i.uip_arp_arpin)
    i.uip_arp_init                           0x08002458   Section        0  uip_arp.o(i.uip_arp_init)
    i.uip_arp_out                            0x08002484   Section        0  uip_arp.o(i.uip_arp_out)
    i.uip_arp_timer                          0x080025d0   Section        0  uip_arp.o(i.uip_arp_timer)
    i.uip_arp_update                         0x08002614   Section        0  uip_arp.o(i.uip_arp_update)
    uip_arp_update                           0x08002615   Thumb Code   170  uip_arp.o(i.uip_arp_update)
    i.uip_init                               0x080026c8   Section        0  uip.o(i.uip_init)
    i.uip_ipchksum                           0x08002714   Section        0  uip.o(i.uip_ipchksum)
    i.uip_listen                             0x08002738   Section        0  uip.o(i.uip_listen)
    i.uip_log                                0x08002768   Section        0  main.o(i.uip_log)
    i.uip_process                            0x08002788   Section        0  uip.o(i.uip_process)
    i.uip_send                               0x080031a4   Section        0  uip.o(i.uip_send)
    i.uip_tcpchksum                          0x080031c4   Section        0  uip.o(i.uip_tcpchksum)
    i.upper_layer_chksum                     0x080031cc   Section        0  uip.o(i.upper_layer_chksum)
    upper_layer_chksum                       0x080031cd   Thumb Code    62  uip.o(i.upper_layer_chksum)
    i.vTask_uIP                              0x08003210   Section        0  main.o(i.vTask_uIP)
    i.vTask_uIP_periodic                     0x08003274   Section        0  main.o(i.vTask_uIP_periodic)
    .constdata                               0x080032fc   Section        6  main.o(.constdata)
    .constdata                               0x08003302   Section       16  stm32f1xx_hal_rcc.o(.constdata)
    .constdata                               0x08003312   Section        6  uip_arp.o(.constdata)
    broadcast_ethaddr                        0x08003312   Data           6  uip_arp.o(.constdata)
    .data                                    0x20000000   Section        4  system_stm32f1xx.o(.data)
    .data                                    0x20000004   Section        8  main.o(.data)
    delay_arp                                0x20000004   Data           1  main.o(.data)
    delaystamp                               0x20000008   Data           4  main.o(.data)
    .data                                    0x2000000c   Section        1  stm32f1xx_hal_spi_ex.o(.data)
    .data                                    0x20000010   Section        4  stm32f1xx_hal.o(.data)
    uwTick                                   0x20000010   Data           4  stm32f1xx_hal.o(.data)
    .data                                    0x20000014   Section        6  uip.o(.data)
    .data                                    0x2000001c   Section       40  uip.o(.data)
    c                                        0x2000001d   Data           1  uip.o(.data)
    opt                                      0x2000001e   Data           1  uip.o(.data)
    ipid                                     0x20000024   Data           2  uip.o(.data)
    lastport                                 0x20000026   Data           2  uip.o(.data)
    tmp16                                    0x20000028   Data           2  uip.o(.data)
    iss                                      0x2000003c   Data           4  uip.o(.data)
    .data                                    0x20000044   Section        4  uip.o(.data)
    .data                                    0x20000048   Section        4  uip.o(.data)
    .data                                    0x2000004c   Section        8  uip_arp.o(.data)
    i                                        0x2000004c   Data           1  uip_arp.o(.data)
    c                                        0x2000004d   Data           1  uip_arp.o(.data)
    arptime                                  0x2000004e   Data           1  uip_arp.o(.data)
    tmpage                                   0x2000004f   Data           1  uip_arp.o(.data)
    ipaddr                                   0x20000050   Data           4  uip_arp.o(.data)
    .data                                    0x20000054   Section        4  enc28j60.o(.data)
    .data                                    0x20000058   Section        4  delay.o(.data)
    .data                                    0x2000005c   Section        4  stdout.o(.data)
    .bss                                     0x20000060   Section       88  spi.o(.bss)
    .bss                                     0x200000b8   Section     5188  uip.o(.bss)
    .bss                                     0x200014fc   Section       96  uip_arp.o(.bss)
    arp_table                                0x200014fc   Data          96  uip_arp.o(.bss)
    STACK                                    0x20001560   Section     1024  startup_stm32f100xb.o(STACK)

    Global Symbols

    Symbol Name                              Value     Ov Type        Size  Object(Section)

    BuildAttributes$$THM_ISAv4$P$D$K$B$S$PE$A:L22UL41UL21$X:L11$S22US41US21$IEEE1$IW$USESV6$~STKCKD$USESV7$~SHL$OSPACE$ROPI$EBA8$MICROLIB$REQ8$PRES8$EABIv2 0x00000000   Number         0  anon$$obj.o ABSOLUTE
    __ARM_use_no_argv                        0x00000000   Number         0  main.o ABSOLUTE
    _printf_a                                0x00000000   Number         0  stubs.o ABSOLUTE
    _printf_c                                0x00000000   Number         0  stubs.o ABSOLUTE
    _printf_charcount                        0x00000000   Number         0  stubs.o ABSOLUTE
    _printf_d                                0x00000000   Number         0  stubs.o ABSOLUTE
    _printf_e                                0x00000000   Number         0  stubs.o ABSOLUTE
    _printf_f                                0x00000000   Number         0  stubs.o ABSOLUTE
    _printf_flags                            0x00000000   Number         0  stubs.o ABSOLUTE
    _printf_fp_dec                           0x00000000   Number         0  stubs.o ABSOLUTE
    _printf_fp_hex                           0x00000000   Number         0  stubs.o ABSOLUTE
    _printf_g                                0x00000000   Number         0  stubs.o ABSOLUTE
    _printf_i                                0x00000000   Number         0  stubs.o ABSOLUTE
    _printf_int_dec                          0x00000000   Number         0  stubs.o ABSOLUTE
    _printf_l                                0x00000000   Number         0  stubs.o ABSOLUTE
    _printf_lc                               0x00000000   Number         0  stubs.o ABSOLUTE
    _printf_ll                               0x00000000   Number         0  stubs.o ABSOLUTE
    _printf_lld                              0x00000000   Number         0  stubs.o ABSOLUTE
    _printf_lli                              0x00000000   Number         0  stubs.o ABSOLUTE
    _printf_llo                              0x00000000   Number         0  stubs.o ABSOLUTE
    _printf_llu                              0x00000000   Number         0  stubs.o ABSOLUTE
    _printf_llx                              0x00000000   Number         0  stubs.o ABSOLUTE
    _printf_longlong_dec                     0x00000000   Number         0  stubs.o ABSOLUTE
    _printf_longlong_hex                     0x00000000   Number         0  stubs.o ABSOLUTE
    _printf_longlong_oct                     0x00000000   Number         0  stubs.o ABSOLUTE
    _printf_ls                               0x00000000   Number         0  stubs.o ABSOLUTE
    _printf_mbtowc                           0x00000000   Number         0  stubs.o ABSOLUTE
    _printf_n                                0x00000000   Number         0  stubs.o ABSOLUTE
    _printf_o                                0x00000000   Number         0  stubs.o ABSOLUTE
    _printf_p                                0x00000000   Number         0  stubs.o ABSOLUTE
    _printf_percent                          0x00000000   Number         0  stubs.o ABSOLUTE
    _printf_pre_padding                      0x00000000   Number         0  stubs.o ABSOLUTE
    _printf_return_value                     0x00000000   Number         0  stubs.o ABSOLUTE
    _printf_s                                0x00000000   Number         0  stubs.o ABSOLUTE
    _printf_sizespec                         0x00000000   Number         0  stubs.o ABSOLUTE
    _printf_str                              0x00000000   Number         0  stubs.o ABSOLUTE
    _printf_truncate_signed                  0x00000000   Number         0  stubs.o ABSOLUTE
    _printf_truncate_unsigned                0x00000000   Number         0  stubs.o ABSOLUTE
    _printf_u                                0x00000000   Number         0  stubs.o ABSOLUTE
    _printf_wc                               0x00000000   Number         0  stubs.o ABSOLUTE
    _printf_wctomb                           0x00000000   Number         0  stubs.o ABSOLUTE
    _printf_widthprec                        0x00000000   Number         0  stubs.o ABSOLUTE
    _printf_x                                0x00000000   Number         0  stubs.o ABSOLUTE
    __cpp_initialize__aeabi_                  - Undefined Weak Reference
    __cxa_finalize                            - Undefined Weak Reference
    __decompress                              - Undefined Weak Reference
    _clock_init                               - Undefined Weak Reference
    _microlib_exit                            - Undefined Weak Reference
    __Vectors_Size                           0x00000120   Number         0  startup_stm32f100xb.o ABSOLUTE
    __Vectors                                0x08000000   Data           4  startup_stm32f100xb.o(RESET)
    __Vectors_End                            0x08000120   Data           0  startup_stm32f100xb.o(RESET)
    __main                                   0x08000121   Thumb Code     0  entry.o(.ARM.Collect$$$$00000000)
    _main_stk                                0x08000121   Thumb Code     0  entry2.o(.ARM.Collect$$$$00000001)
    _main_scatterload                        0x08000125   Thumb Code     0  entry5.o(.ARM.Collect$$$$00000004)
    __main_after_scatterload                 0x08000129   Thumb Code     0  entry5.o(.ARM.Collect$$$$00000004)
    _main_clock                              0x08000129   Thumb Code     0  entry7b.o(.ARM.Collect$$$$00000008)
    _main_cpp_init                           0x08000129   Thumb Code     0  entry8b.o(.ARM.Collect$$$$0000000A)
    _main_init                               0x08000129   Thumb Code     0  entry9a.o(.ARM.Collect$$$$0000000B)
    __rt_final_cpp                           0x08000131   Thumb Code     0  entry10a.o(.ARM.Collect$$$$0000000D)
    __rt_final_exit                          0x08000131   Thumb Code     0  entry11a.o(.ARM.Collect$$$$0000000F)
    Reset_Handler                            0x08000135   Thumb Code     8  startup_stm32f100xb.o(.text)
    NMI_Handler                              0x0800013d   Thumb Code     2  startup_stm32f100xb.o(.text)
    HardFault_Handler                        0x0800013f   Thumb Code     2  startup_stm32f100xb.o(.text)
    MemManage_Handler                        0x08000141   Thumb Code     2  startup_stm32f100xb.o(.text)
    BusFault_Handler                         0x08000143   Thumb Code     2  startup_stm32f100xb.o(.text)
    UsageFault_Handler                       0x08000145   Thumb Code     2  startup_stm32f100xb.o(.text)
    SVC_Handler                              0x08000147   Thumb Code     2  startup_stm32f100xb.o(.text)
    DebugMon_Handler                         0x08000149   Thumb Code     2  startup_stm32f100xb.o(.text)
    PendSV_Handler                           0x0800014b   Thumb Code     2  startup_stm32f100xb.o(.text)
    ADC1_IRQHandler                          0x0800014f   Thumb Code     0  startup_stm32f100xb.o(.text)
    CEC_IRQHandler                           0x0800014f   Thumb Code     0  startup_stm32f100xb.o(.text)
    DMA1_Channel1_IRQHandler                 0x0800014f   Thumb Code     0  startup_stm32f100xb.o(.text)
    DMA1_Channel2_IRQHandler                 0x0800014f   Thumb Code     0  startup_stm32f100xb.o(.text)
    DMA1_Channel3_IRQHandler                 0x0800014f   Thumb Code     0  startup_stm32f100xb.o(.text)
    DMA1_Channel4_IRQHandler                 0x0800014f   Thumb Code     0  startup_stm32f100xb.o(.text)
    DMA1_Channel5_IRQHandler                 0x0800014f   Thumb Code     0  startup_stm32f100xb.o(.text)
    DMA1_Channel6_IRQHandler                 0x0800014f   Thumb Code     0  startup_stm32f100xb.o(.text)
    DMA1_Channel7_IRQHandler                 0x0800014f   Thumb Code     0  startup_stm32f100xb.o(.text)
    EXTI0_IRQHandler                         0x0800014f   Thumb Code     0  startup_stm32f100xb.o(.text)
    EXTI15_10_IRQHandler                     0x0800014f   Thumb Code     0  startup_stm32f100xb.o(.text)
    EXTI1_IRQHandler                         0x0800014f   Thumb Code     0  startup_stm32f100xb.o(.text)
    EXTI2_IRQHandler                         0x0800014f   Thumb Code     0  startup_stm32f100xb.o(.text)
    EXTI3_IRQHandler                         0x0800014f   Thumb Code     0  startup_stm32f100xb.o(.text)
    EXTI4_IRQHandler                         0x0800014f   Thumb Code     0  startup_stm32f100xb.o(.text)
    EXTI9_5_IRQHandler                       0x0800014f   Thumb Code     0  startup_stm32f100xb.o(.text)
    FLASH_IRQHandler                         0x0800014f   Thumb Code     0  startup_stm32f100xb.o(.text)
    I2C1_ER_IRQHandler                       0x0800014f   Thumb Code     0  startup_stm32f100xb.o(.text)
    I2C1_EV_IRQHandler                       0x0800014f   Thumb Code     0  startup_stm32f100xb.o(.text)
    I2C2_ER_IRQHandler                       0x0800014f   Thumb Code     0  startup_stm32f100xb.o(.text)
    I2C2_EV_IRQHandler                       0x0800014f   Thumb Code     0  startup_stm32f100xb.o(.text)
    PVD_IRQHandler                           0x0800014f   Thumb Code     0  startup_stm32f100xb.o(.text)
    RCC_IRQHandler                           0x0800014f   Thumb Code     0  startup_stm32f100xb.o(.text)
    RTC_Alarm_IRQHandler                     0x0800014f   Thumb Code     0  startup_stm32f100xb.o(.text)
    RTC_IRQHandler                           0x0800014f   Thumb Code     0  startup_stm32f100xb.o(.text)
    SPI1_IRQHandler                          0x0800014f   Thumb Code     0  startup_stm32f100xb.o(.text)
    SPI2_IRQHandler                          0x0800014f   Thumb Code     0  startup_stm32f100xb.o(.text)
    TAMPER_IRQHandler                        0x0800014f   Thumb Code     0  startup_stm32f100xb.o(.text)
    TIM1_BRK_TIM15_IRQHandler                0x0800014f   Thumb Code     0  startup_stm32f100xb.o(.text)
    TIM1_CC_IRQHandler                       0x0800014f   Thumb Code     0  startup_stm32f100xb.o(.text)
    TIM1_TRG_COM_TIM17_IRQHandler            0x0800014f   Thumb Code     0  startup_stm32f100xb.o(.text)
    TIM1_UP_TIM16_IRQHandler                 0x0800014f   Thumb Code     0  startup_stm32f100xb.o(.text)
    TIM2_IRQHandler                          0x0800014f   Thumb Code     0  startup_stm32f100xb.o(.text)
    TIM3_IRQHandler                          0x0800014f   Thumb Code     0  startup_stm32f100xb.o(.text)
    TIM4_IRQHandler                          0x0800014f   Thumb Code     0  startup_stm32f100xb.o(.text)
    TIM6_DAC_IRQHandler                      0x0800014f   Thumb Code     0  startup_stm32f100xb.o(.text)
    TIM7_IRQHandler                          0x0800014f   Thumb Code     0  startup_stm32f100xb.o(.text)
    USART1_IRQHandler                        0x0800014f   Thumb Code     0  startup_stm32f100xb.o(.text)
    USART2_IRQHandler                        0x0800014f   Thumb Code     0  startup_stm32f100xb.o(.text)
    USART3_IRQHandler                        0x0800014f   Thumb Code     0  startup_stm32f100xb.o(.text)
    WWDG_IRQHandler                          0x0800014f   Thumb Code     0  startup_stm32f100xb.o(.text)
    __aeabi_llsr                             0x08000159   Thumb Code    32  llushr.o(.text)
    _ll_ushift_r                             0x08000159   Thumb Code     0  llushr.o(.text)
    __aeabi_memcpy                           0x08000179   Thumb Code    36  memcpya.o(.text)
    __aeabi_memcpy4                          0x08000179   Thumb Code     0  memcpya.o(.text)
    __aeabi_memcpy8                          0x08000179   Thumb Code     0  memcpya.o(.text)
    __aeabi_memset                           0x0800019d   Thumb Code    14  memseta.o(.text)
    __aeabi_memset4                          0x0800019d   Thumb Code     0  memseta.o(.text)
    __aeabi_memset8                          0x0800019d   Thumb Code     0  memseta.o(.text)
    __aeabi_memclr                           0x080001ab   Thumb Code     4  memseta.o(.text)
    __aeabi_memclr4                          0x080001ab   Thumb Code     0  memseta.o(.text)
    __aeabi_memclr8                          0x080001ab   Thumb Code     0  memseta.o(.text)
    _memset$wrapper                          0x080001af   Thumb Code    18  memseta.o(.text)
    strncpy                                  0x080001c1   Thumb Code    24  strncpy.o(.text)
    strlen                                   0x080001d9   Thumb Code    14  strlen.o(.text)
    __aeabi_uldivmod                         0x080001e7   Thumb Code    98  uldiv.o(.text)
    __scatterload                            0x08000249   Thumb Code    28  init.o(.text)
    __scatterload_rt2                        0x08000249   Thumb Code     0  init.o(.text)
    __aeabi_llsl                             0x0800026d   Thumb Code    30  llshl.o(.text)
    __semihosting_library_function           0x0800026d   Thumb Code     0  semi.o(.text)
    _ll_shift_l                              0x0800026d   Thumb Code     0  llshl.o(.text)
    HAL_Delay                                0x0800028b   Thumb Code    22  stm32f1xx_hal.o(i.HAL_Delay)
    __I$use$semihosting$fputc                0x0800028b   Thumb Code     0  iusesemip.o(.text)
    HAL_GPIO_Init                            0x080002a1   Thumb Code   408  stm32f1xx_hal_gpio.o(i.HAL_GPIO_Init)
    HAL_GPIO_WritePin                        0x0800045d   Thumb Code    10  stm32f1xx_hal_gpio.o(i.HAL_GPIO_WritePin)
    HAL_GetTick                              0x08000469   Thumb Code     6  stm32f1xx_hal.o(i.HAL_GetTick)
    HAL_IncTick                              0x08000475   Thumb Code    10  stm32f1xx_hal.o(i.HAL_IncTick)
    HAL_Init                                 0x08000485   Thumb Code    22  stm32f1xx_hal.o(i.HAL_Init)
    HAL_InitTick                             0x0800049b   Thumb Code    34  stm32f1xx_hal.o(i.HAL_InitTick)
    HAL_MspInit                              0x080004bd   Thumb Code    52  stm32f1xx_hal_msp.o(i.HAL_MspInit)
    HAL_NVIC_SetPriority                     0x080004f9   Thumb Code    60  stm32f1xx_hal_cortex.o(i.HAL_NVIC_SetPriority)
    HAL_NVIC_SetPriorityGrouping             0x08000539   Thumb Code    26  stm32f1xx_hal_cortex.o(i.HAL_NVIC_SetPriorityGrouping)
    HAL_RCC_ClockConfig                      0x0800055d   Thumb Code   258  stm32f1xx_hal_rcc.o(i.HAL_RCC_ClockConfig)
    HAL_RCC_GetHCLKFreq                      0x08000665   Thumb Code    38  stm32f1xx_hal_rcc.o(i.HAL_RCC_GetHCLKFreq)
    HAL_RCC_GetSysClockFreq                  0x08000699   Thumb Code   104  stm32f1xx_hal_rcc.o(i.HAL_RCC_GetSysClockFreq)
    HAL_RCC_OscConfig                        0x0800072d   Thumb Code  1586  stm32f1xx_hal_rcc.o(i.HAL_RCC_OscConfig)
    HAL_SPI_Init                             0x08000d61   Thumb Code   122  stm32f1xx_hal_spi_ex.o(i.HAL_SPI_Init)
    HAL_SPI_MspInit                          0x08000de1   Thumb Code   108  spi.o(i.HAL_SPI_MspInit)
    HAL_SPI_Receive                          0x08000e59   Thumb Code   492  stm32f1xx_hal_spi.o(i.HAL_SPI_Receive)
    HAL_SPI_Transmit                         0x08001045   Thumb Code   326  stm32f1xx_hal_spi.o(i.HAL_SPI_Transmit)
    HAL_SPI_TransmitReceive                  0x0800118b   Thumb Code   690  stm32f1xx_hal_spi.o(i.HAL_SPI_TransmitReceive)
    HAL_SYSTICK_CLKSourceConfig              0x0800143d   Thumb Code    24  stm32f1xx_hal_cortex.o(i.HAL_SYSTICK_CLKSourceConfig)
    HAL_SYSTICK_Callback                     0x08001455   Thumb Code     2  stm32f1xx_hal_cortex.o(i.HAL_SYSTICK_Callback)
    HAL_SYSTICK_Config                       0x08001457   Thumb Code    40  stm32f1xx_hal_cortex.o(i.HAL_SYSTICK_Config)
    HAL_SYSTICK_IRQHandler                   0x0800147f   Thumb Code     8  stm32f1xx_hal_cortex.o(i.HAL_SYSTICK_IRQHandler)
    MX_GPIO_Init                             0x08001489   Thumb Code    38  gpio.o(i.MX_GPIO_Init)
    MX_SPI1_Init                             0x080014b5   Thumb Code    46  spi.o(i.MX_SPI1_Init)
    SPI_ISCRCErrorValid                      0x0800150d   Thumb Code     4  stm32f1xx_hal_spi_ex.o(i.SPI_ISCRCErrorValid)
    SysTick_Handler                          0x080015b1   Thumb Code    22  stm32f1xx_it.o(i.SysTick_Handler)
    SystemClock_Config                       0x080015cd   Thumb Code    86  main.o(i.SystemClock_Config)
    SystemInit                               0x08001625   Thumb Code    60  system_stm32f1xx.o(i.SystemInit)
    __0printf$8                              0x08001671   Thumb Code    22  printf8.o(i.__0printf$8)
    __1printf$8                              0x08001671   Thumb Code     0  printf8.o(i.__0printf$8)
    __2printf                                0x08001671   Thumb Code     0  printf8.o(i.__0printf$8)
    __scatterload_copy                       0x08001691   Thumb Code    14  handlers.o(i.__scatterload_copy)
    __scatterload_null                       0x0800169f   Thumb Code     2  handlers.o(i.__scatterload_null)
    __scatterload_zeroinit                   0x080016a1   Thumb Code    14  handlers.o(i.__scatterload_zeroinit)
    enc28j60_bfc                             0x08001bfd   Thumb Code    24  enc28j60.o(i.enc28j60_bfc)
    enc28j60_bfs                             0x08001c15   Thumb Code    24  enc28j60.o(i.enc28j60_bfs)
    enc28j60_init                            0x08001c2d   Thumb Code   238  enc28j60.o(i.enc28j60_init)
    enc28j60_rcr                             0x08001d29   Thumb Code    20  enc28j60.o(i.enc28j60_rcr)
    enc28j60_rcr16                           0x08001d3d   Thumb Code    34  enc28j60.o(i.enc28j60_rcr16)
    enc28j60_read_buffer                     0x08001d61   Thumb Code    56  enc28j60.o(i.enc28j60_read_buffer)
    enc28j60_read_op                         0x08001d9d   Thumb Code    60  enc28j60.o(i.enc28j60_read_op)
    enc28j60_recv_packet                     0x08001ddd   Thumb Code   110  enc28j60.o(i.enc28j60_recv_packet)
    enc28j60_rxtx                            0x08001e51   Thumb Code    54  enc28j60.o(i.enc28j60_rxtx)
    enc28j60_send_packet                     0x08001e8d   Thumb Code   104  enc28j60.o(i.enc28j60_send_packet)
    enc28j60_set_bank                        0x08001ef9   Thumb Code    46  enc28j60.o(i.enc28j60_set_bank)
    enc28j60_soft_reset                      0x08001f2d   Thumb Code    54  enc28j60.o(i.enc28j60_soft_reset)
    enc28j60_wcr                             0x08001f6d   Thumb Code    24  enc28j60.o(i.enc28j60_wcr)
    enc28j60_wcr16                           0x08001f85   Thumb Code    36  enc28j60.o(i.enc28j60_wcr16)
    enc28j60_write_buffer                    0x08001fa9   Thumb Code    52  enc28j60.o(i.enc28j60_write_buffer)
    enc28j60_write_op                        0x08001fe1   Thumb Code    52  enc28j60.o(i.enc28j60_write_op)
    enc28j60_write_phy                       0x08002019   Thumb Code    32  enc28j60.o(i.enc28j60_write_phy)
    fputc                                    0x08002039   Thumb Code    18  fputc.o(i.fputc)
    hello_world_appcall                      0x080020fd   Thumb Code    38  hello-world.o(i.hello_world_appcall)
    hello_world_init                         0x0800212d   Thumb Code     8  hello-world.o(i.hello_world_init)
    htons                                    0x08002135   Thumb Code    10  uip.o(i.htons)
    main                                     0x08002141   Thumb Code   130  main.o(i.main)
    psock_init                               0x080021d9   Thumb Code    24  psock.o(i.psock_init)
    psock_newdata                            0x080021f1   Thumb Code    34  psock.o(i.psock_newdata)
    psock_readto                             0x08002219   Thumb Code   124  psock.o(i.psock_readto)
    psock_send                               0x0800229d   Thumb Code    74  psock.o(i.psock_send)
    uip_add32                                0x08002329   Thumb Code    86  uip.o(i.uip_add32)
    uip_arp_arpin                            0x080023b1   Thumb Code   152  uip_arp.o(i.uip_arp_arpin)
    uip_arp_init                             0x08002459   Thumb Code    34  uip_arp.o(i.uip_arp_init)
    uip_arp_out                              0x08002485   Thumb Code   292  uip_arp.o(i.uip_arp_out)
    uip_arp_timer                            0x080025d1   Thumb Code    58  uip_arp.o(i.uip_arp_timer)
    uip_init                                 0x080026c9   Thumb Code    64  uip.o(i.uip_init)
    uip_ipchksum                             0x08002715   Thumb Code    30  uip.o(i.uip_ipchksum)
    uip_listen                               0x08002739   Thumb Code    38  uip.o(i.uip_listen)
    uip_log                                  0x08002769   Thumb Code     8  main.o(i.uip_log)
    uip_process                              0x08002789   Thumb Code  2578  uip.o(i.uip_process)
    uip_send                                 0x080031a5   Thumb Code    26  uip.o(i.uip_send)
    uip_tcpchksum                            0x080031c5   Thumb Code     6  uip.o(i.uip_tcpchksum)
    vTask_uIP                                0x08003211   Thumb Code    92  main.o(i.vTask_uIP)
    vTask_uIP_periodic                       0x08003275   Thumb Code   106  main.o(i.vTask_uIP_periodic)
    aAPBAHBPrescTable                        0x08003302   Data          16  stm32f1xx_hal_rcc.o(.constdata)
    Region$$Table$$Base                      0x08003318   Number         0  anon$$obj.o(Region$$Table)
    Region$$Table$$Limit                     0x08003338   Number         0  anon$$obj.o(Region$$Table)
    SystemCoreClock                          0x20000000   Data           4  system_stm32f1xx.o(.data)
    uCRCErrorWorkaroundCheck                 0x2000000c   Data           1  stm32f1xx_hal_spi_ex.o(.data)
    uip_ethaddr                              0x20000014   Data           6  uip.o(.data)
    uip_flags                                0x2000001c   Data           1  uip.o(.data)
    uip_len                                  0x20000020   Data           2  uip.o(.data)
    uip_slen                                 0x20000022   Data           2  uip.o(.data)
    uip_hostaddr                             0x2000002a   Data           4  uip.o(.data)
    uip_appdata                              0x20000030   Data           4  uip.o(.data)
    uip_sappdata                             0x20000034   Data           4  uip.o(.data)
    uip_conn                                 0x20000038   Data           4  uip.o(.data)
    uip_acc32                                0x20000040   Data           4  uip.o(.data)
    uip_draddr                               0x20000044   Data           4  uip.o(.data)
    uip_netmask                              0x20000048   Data           4  uip.o(.data)
    enc28j60_current_bank                    0x20000054   Data           1  enc28j60.o(.data)
    enc28j60_rxrdpt                          0x20000056   Data           2  enc28j60.o(.data)
    timestamp                                0x20000058   Data           4  delay.o(.data)
    __stdout                                 0x2000005c   Data           4  stdout.o(.data)
    hspi1                                    0x20000060   Data          88  spi.o(.bss)
    uip_buf                                  0x200000b8   Data         422  uip.o(.bss)
    uip_conns                                0x20000260   Data        4640  uip.o(.bss)
    uip_listenports                          0x20001480   Data          80  uip.o(.bss)
    uip_stat                                 0x200014d0   Data          44  uip.o(.bss)
    __initial_sp                             0x20001960   Data           0  startup_stm32f100xb.o(STACK)



==============================================================================

Memory Map of the image

  Image Entry point : 0x08000121

  Load Region LR_IROM1 (Base: 0x08000000, Size: 0x00003398, Max: 0x00020000, ABSOLUTE)

    Execution Region ER_IROM1 (Base: 0x08000000, Size: 0x00003338, Max: 0x00020000, ABSOLUTE)

    Base Addr    Size         Type   Attr      Idx    E Section Name        Object

    0x08000000   0x00000120   Data   RO            3    RESET               startup_stm32f100xb.o
    0x08000120   0x00000000   Code   RO         2074  * .ARM.Collect$$$$00000000  mc_w.l(entry.o)
    0x08000120   0x00000004   Code   RO         2350    .ARM.Collect$$$$00000001  mc_w.l(entry2.o)
    0x08000124   0x00000004   Code   RO         2353    .ARM.Collect$$$$00000004  mc_w.l(entry5.o)
    0x08000128   0x00000000   Code   RO         2355    .ARM.Collect$$$$00000008  mc_w.l(entry7b.o)
    0x08000128   0x00000000   Code   RO         2357    .ARM.Collect$$$$0000000A  mc_w.l(entry8b.o)
    0x08000128   0x00000008   Code   RO         2358    .ARM.Collect$$$$0000000B  mc_w.l(entry9a.o)
    0x08000130   0x00000000   Code   RO         2360    .ARM.Collect$$$$0000000D  mc_w.l(entry10a.o)
    0x08000130   0x00000000   Code   RO         2362    .ARM.Collect$$$$0000000F  mc_w.l(entry11a.o)
    0x08000130   0x00000004   Code   RO         2351    .ARM.Collect$$$$00002712  mc_w.l(entry2.o)
    0x08000134   0x00000024   Code   RO            4    .text               startup_stm32f100xb.o
    0x08000158   0x00000020   Code   RO         2077    .text               mc_w.l(llushr.o)
    0x08000178   0x00000024   Code   RO         2079    .text               mc_w.l(memcpya.o)
    0x0800019c   0x00000024   Code   RO         2081    .text               mc_w.l(memseta.o)
    0x080001c0   0x00000018   Code   RO         2083    .text               mc_w.l(strncpy.o)
    0x080001d8   0x0000000e   Code   RO         2085    .text               mc_w.l(strlen.o)
    0x080001e6   0x00000062   Code   RO         2369    .text               mc_w.l(uldiv.o)
    0x08000248   0x00000024   Code   RO         2382    .text               mc_w.l(init.o)
    0x0800026c   0x00000000   Code   RO         2384    .text               mc_w.l(semi.o)
    0x0800026c   0x0000001e   Code   RO         2385    .text               mc_w.l(llshl.o)
    0x0800028a   0x00000000   Code   RO         2389    .text               mc_w.l(iusesemip.o)
    0x0800028a   0x00000016   Code   RO         1221    i.HAL_Delay         stm32f1xx_hal.o
    0x080002a0   0x000001bc   Code   RO          483    i.HAL_GPIO_Init     stm32f1xx_hal_gpio.o
    0x0800045c   0x0000000a   Code   RO          487    i.HAL_GPIO_WritePin  stm32f1xx_hal_gpio.o
    0x08000466   0x00000002   PAD
    0x08000468   0x0000000c   Code   RO         1225    i.HAL_GetTick       stm32f1xx_hal.o
    0x08000474   0x00000010   Code   RO         1226    i.HAL_IncTick       stm32f1xx_hal.o
    0x08000484   0x00000016   Code   RO         1227    i.HAL_Init          stm32f1xx_hal.o
    0x0800049a   0x00000022   Code   RO         1228    i.HAL_InitTick      stm32f1xx_hal.o
    0x080004bc   0x0000003c   Code   RO          315    i.HAL_MspInit       stm32f1xx_hal_msp.o
    0x080004f8   0x00000040   Code   RO         1392    i.HAL_NVIC_SetPriority  stm32f1xx_hal_cortex.o
    0x08000538   0x00000024   Code   RO         1393    i.HAL_NVIC_SetPriorityGrouping  stm32f1xx_hal_cortex.o
    0x0800055c   0x00000108   Code   RO          376    i.HAL_RCC_ClockConfig  stm32f1xx_hal_rcc.o
    0x08000664   0x00000034   Code   RO          381    i.HAL_RCC_GetHCLKFreq  stm32f1xx_hal_rcc.o
    0x08000698   0x00000094   Code   RO          385    i.HAL_RCC_GetSysClockFreq  stm32f1xx_hal_rcc.o
    0x0800072c   0x00000632   Code   RO          388    i.HAL_RCC_OscConfig  stm32f1xx_hal_rcc.o
    0x08000d5e   0x00000002   PAD
    0x08000d60   0x00000080   Code   RO          734    i.HAL_SPI_Init      stm32f1xx_hal_spi_ex.o
    0x08000de0   0x00000078   Code   RO          247    i.HAL_SPI_MspInit   spi.o
    0x08000e58   0x000001ec   Code   RO          903    i.HAL_SPI_Receive   stm32f1xx_hal_spi.o
    0x08001044   0x00000146   Code   RO          908    i.HAL_SPI_Transmit  stm32f1xx_hal_spi.o
    0x0800118a   0x000002b2   Code   RO          909    i.HAL_SPI_TransmitReceive  stm32f1xx_hal_spi.o
    0x0800143c   0x00000018   Code   RO         1395    i.HAL_SYSTICK_CLKSourceConfig  stm32f1xx_hal_cortex.o
    0x08001454   0x00000002   Code   RO         1396    i.HAL_SYSTICK_Callback  stm32f1xx_hal_cortex.o
    0x08001456   0x00000028   Code   RO         1397    i.HAL_SYSTICK_Config  stm32f1xx_hal_cortex.o
    0x0800147e   0x00000008   Code   RO         1398    i.HAL_SYSTICK_IRQHandler  stm32f1xx_hal_cortex.o
    0x08001486   0x00000002   PAD
    0x08001488   0x0000002c   Code   RO          222    i.MX_GPIO_Init      gpio.o
    0x080014b4   0x00000038   Code   RO          248    i.MX_SPI1_Init      spi.o
    0x080014ec   0x00000020   Code   RO         1399    i.NVIC_SetPriority  stm32f1xx_hal_cortex.o
    0x0800150c   0x00000004   Code   RO          735    i.SPI_ISCRCErrorValid  stm32f1xx_hal_spi_ex.o
    0x08001510   0x0000009e   Code   RO          931    i.SPI_WaitOnFlagUntilTimeout  stm32f1xx_hal_spi.o
    0x080015ae   0x00000002   PAD
    0x080015b0   0x0000001c   Code   RO          288    i.SysTick_Handler   stm32f1xx_it.o
    0x080015cc   0x00000056   Code   RO          122    i.SystemClock_Config  main.o
    0x08001622   0x00000002   PAD
    0x08001624   0x0000004c   Code   RO           14    i.SystemInit        system_stm32f1xx.o
    0x08001670   0x00000020   Code   RO         2296    i.__0printf$8       mc_w.l(printf8.o)
    0x08001690   0x0000000e   Code   RO         2394    i.__scatterload_copy  mc_w.l(handlers.o)
    0x0800169e   0x00000002   Code   RO         2395    i.__scatterload_null  mc_w.l(handlers.o)
    0x080016a0   0x0000000e   Code   RO         2396    i.__scatterload_zeroinit  mc_w.l(handlers.o)
    0x080016ae   0x00000002   PAD
    0x080016b0   0x00000410   Code   RO         2303    i._printf_core      mc_w.l(printf8.o)
    0x08001ac0   0x00000024   Code   RO         2304    i._printf_post_padding  mc_w.l(printf8.o)
    0x08001ae4   0x0000002e   Code   RO         2305    i._printf_pre_padding  mc_w.l(printf8.o)
    0x08001b12   0x00000062   Code   RO         1547    i.buf_bufto         psock.o
    0x08001b74   0x0000003a   Code   RO         1653    i.chksum            uip.o
    0x08001bae   0x00000002   PAD
    0x08001bb0   0x0000004c   Code   RO         1548    i.data_acked        psock.o
    0x08001bfc   0x00000018   Code   RO         1931    i.enc28j60_bfc      enc28j60.o
    0x08001c14   0x00000018   Code   RO         1932    i.enc28j60_bfs      enc28j60.o
    0x08001c2c   0x000000fc   Code   RO         1933    i.enc28j60_init     enc28j60.o
    0x08001d28   0x00000014   Code   RO         1934    i.enc28j60_rcr      enc28j60.o
    0x08001d3c   0x00000022   Code   RO         1935    i.enc28j60_rcr16    enc28j60.o
    0x08001d5e   0x00000002   PAD
    0x08001d60   0x0000003c   Code   RO         1936    i.enc28j60_read_buffer  enc28j60.o
    0x08001d9c   0x00000040   Code   RO         1937    i.enc28j60_read_op  enc28j60.o
    0x08001ddc   0x00000074   Code   RO         1939    i.enc28j60_recv_packet  enc28j60.o
    0x08001e50   0x0000003c   Code   RO         1940    i.enc28j60_rxtx     enc28j60.o
    0x08001e8c   0x0000006c   Code   RO         1941    i.enc28j60_send_packet  enc28j60.o
    0x08001ef8   0x00000034   Code   RO         1942    i.enc28j60_set_bank  enc28j60.o
    0x08001f2c   0x00000040   Code   RO         1943    i.enc28j60_soft_reset  enc28j60.o
    0x08001f6c   0x00000018   Code   RO         1944    i.enc28j60_wcr      enc28j60.o
    0x08001f84   0x00000024   Code   RO         1945    i.enc28j60_wcr16    enc28j60.o
    0x08001fa8   0x00000038   Code   RO         1946    i.enc28j60_write_buffer  enc28j60.o
    0x08001fe0   0x00000038   Code   RO         1947    i.enc28j60_write_op  enc28j60.o
    0x08002018   0x00000020   Code   RO         1948    i.enc28j60_write_phy  enc28j60.o
    0x08002038   0x00000012   Code   RO         2364    i.fputc             mc_w.l(fputc.o)
    0x0800204a   0x00000002   PAD
    0x0800204c   0x000000b0   Code   RO         1498    i.handle_connection  hello-world.o
    0x080020fc   0x00000030   Code   RO         1499    i.hello_world_appcall  hello-world.o
    0x0800212c   0x00000008   Code   RO         1500    i.hello_world_init  hello-world.o
    0x08002134   0x0000000a   Code   RO         1654    i.htons             uip.o
    0x0800213e   0x00000002   PAD
    0x08002140   0x00000098   Code   RO          123    i.main              main.o
    0x080021d8   0x00000018   Code   RO         1551    i.psock_init        psock.o
    0x080021f0   0x00000028   Code   RO         1552    i.psock_newdata     psock.o
    0x08002218   0x00000084   Code   RO         1554    i.psock_readto      psock.o
    0x0800229c   0x0000004a   Code   RO         1555    i.psock_send        psock.o
    0x080022e6   0x00000002   PAD
    0x080022e8   0x00000040   Code   RO         1556    i.send_data         psock.o
    0x08002328   0x0000005c   Code   RO         1655    i.uip_add32         uip.o
    0x08002384   0x0000002c   Code   RO         1656    i.uip_add_rcv_nxt   uip.o
    0x080023b0   0x000000a8   Code   RO         1768    i.uip_arp_arpin     uip_arp.o
    0x08002458   0x0000002c   Code   RO         1769    i.uip_arp_init      uip_arp.o
    0x08002484   0x0000014c   Code   RO         1770    i.uip_arp_out       uip_arp.o
    0x080025d0   0x00000044   Code   RO         1771    i.uip_arp_timer     uip_arp.o
    0x08002614   0x000000b4   Code   RO         1772    i.uip_arp_update    uip_arp.o
    0x080026c8   0x0000004c   Code   RO         1659    i.uip_init          uip.o
    0x08002714   0x00000024   Code   RO         1660    i.uip_ipchksum      uip.o
    0x08002738   0x00000030   Code   RO         1661    i.uip_listen        uip.o
    0x08002768   0x00000020   Code   RO          124    i.uip_log           main.o
    0x08002788   0x00000a1c   Code   RO         1662    i.uip_process       uip.o
    0x080031a4   0x00000020   Code   RO         1663    i.uip_send          uip.o
    0x080031c4   0x00000006   Code   RO         1665    i.uip_tcpchksum     uip.o
    0x080031ca   0x00000002   PAD
    0x080031cc   0x00000044   Code   RO         1668    i.upper_layer_chksum  uip.o
    0x08003210   0x00000064   Code   RO          125    i.vTask_uIP         main.o
    0x08003274   0x00000088   Code   RO          126    i.vTask_uIP_periodic  main.o
    0x080032fc   0x00000006   Data   RO          127    .constdata          main.o
    0x08003302   0x00000010   Data   RO          389    .constdata          stm32f1xx_hal_rcc.o
    0x08003312   0x00000006   Data   RO         1774    .constdata          uip_arp.o
    0x08003318   0x00000020   Data   RO         2392    Region$$Table       anon$$obj.o


    Execution Region RW_IRAM1 (Base: 0x20000000, Size: 0x00001960, Max: 0x00002000, ABSOLUTE)

    Base Addr    Size         Type   Attr      Idx    E Section Name        Object

    0x20000000   0x00000004   Data   RW           16    .data               system_stm32f1xx.o
    0x20000004   0x00000008   Data   RW          128    .data               main.o
    0x2000000c   0x00000001   Data   RW          736    .data               stm32f1xx_hal_spi_ex.o
    0x2000000d   0x00000003   PAD
    0x20000010   0x00000004   Data   RW         1233    .data               stm32f1xx_hal.o
    0x20000014   0x00000006   Data   RW         1671    .data               uip.o
    0x2000001a   0x00000002   PAD
    0x2000001c   0x00000028   Data   RW         1672    .data               uip.o
    0x20000044   0x00000004   Data   RW         1673    .data               uip.o
    0x20000048   0x00000004   Data   RW         1674    .data               uip.o
    0x2000004c   0x00000008   Data   RW         1776    .data               uip_arp.o
    0x20000054   0x00000004   Data   RW         1949    .data               enc28j60.o
    0x20000058   0x00000004   Data   RW         2052    .data               delay.o
    0x2000005c   0x00000004   Data   RW         2366    .data               mc_w.l(stdout.o)
    0x20000060   0x00000058   Zero   RW          249    .bss                spi.o
    0x200000b8   0x00001444   Zero   RW         1669    .bss                uip.o
    0x200014fc   0x00000060   Zero   RW         1773    .bss                uip_arp.o
    0x2000155c   0x00000004   PAD
    0x20001560   0x00000400   Zero   RW            1    STACK               startup_stm32f100xb.o


==============================================================================

Image component sizes


      Code (inc. data)   RO Data    RW Data    ZI Data      Debug   Object Name

         0          0          0          4          0        436   delay.o
      1082         62          0          4          0      10495   enc28j60.o
        44          6          0          0          0        731   gpio.o
       232         50          0          0          0       2221   hello-world.o
       506         84          6          8          0      14147   main.o
       508         34          0          0          0       5161   psock.o
       176         22          0          0         88       1473   spi.o
        36          8        288          0       1024        908   startup_stm32f100xb.o
       106         12          0          4          0       3490   stm32f1xx_hal.o
       206         14          0          0          0      26552   stm32f1xx_hal_cortex.o
       454         36          0          0          0       2992   stm32f1xx_hal_gpio.o
        60          8          0          0          0        794   stm32f1xx_hal_msp.o
      2050         76         16          0          0       4722   stm32f1xx_hal_rcc.o
      1666          0          0          0          0       5219   stm32f1xx_hal_spi.o
       132          6          0          1          0       1836   stm32f1xx_hal_spi_ex.o
        28          6          0          0          0        458   stm32f1xx_it.o
        76         16          0          4          0     168549   system_stm32f1xx.o
      3058        388          0         54       5188      15844   uip.o
       792         86          6          8         96       4293   uip_arp.o

    ----------------------------------------------------------------------
     11232        914        348         92       6400     270321   Object Totals
         0          0         32          0          0          0   (incl. Generated)
        20          0          0          5          4          0   (incl. Padding)

    ----------------------------------------------------------------------

      Code (inc. data)   RO Data    RW Data    ZI Data      Debug   Library Member Name

         0          0          0          0          0          0   entry.o
         0          0          0          0          0          0   entry10a.o
         0          0          0          0          0          0   entry11a.o
         8          4          0          0          0          0   entry2.o
         4          0          0          0          0          0   entry5.o
         0          0          0          0          0          0   entry7b.o
         0          0          0          0          0          0   entry8b.o
         8          4          0          0          0          0   entry9a.o
        18          0          0          0          0         80   fputc.o
        30          0          0          0          0          0   handlers.o
        36          8          0          0          0         68   init.o
         0          0          0          0          0          0   iusesemip.o
        30          0          0          0          0         68   llshl.o
        32          0          0          0          0         68   llushr.o
        36          0          0          0          0         68   memcpya.o
        36          0          0          0          0        108   memseta.o
      1154         54          0          0          0        352   printf8.o
         0          0          0          0          0          0   semi.o
         0          0          0          4          0          0   stdout.o
        14          0          0          0          0         68   strlen.o
        24          0          0          0          0         76   strncpy.o
        98          0          0          0          0         92   uldiv.o

    ----------------------------------------------------------------------
      1532         70          0          4          0       1048   Library Totals
         4          0          0          0          0          0   (incl. Padding)

    ----------------------------------------------------------------------

      Code (inc. data)   RO Data    RW Data    ZI Data      Debug   Library Name

      1528         70          0          4          0       1048   mc_w.l

    ----------------------------------------------------------------------
      1532         70          0          4          0       1048   Library Totals

    ----------------------------------------------------------------------

==============================================================================


      Code (inc. data)   RO Data    RW Data    ZI Data      Debug   

     12764        984        348         96       6400     267153   Grand Totals
     12764        984        348         96       6400     267153   ELF Image Totals
     12764        984        348         96          0          0   ROM Totals

==============================================================================

    Total RO  Size (Code + RO Data)                13112 (  12.80kB)
    Total RW  Size (RW Data + ZI Data)              6496 (   6.34kB)
    Total ROM Size (Code + RO Data + RW Data)      13208 (  12.90kB)

==============================================================================

